2025-12-30 03:41:31.749 [INF] === Apex Printing System Logger Initialized ===
2025-12-30 03:41:31.800 [INF] [PrintJobsManager] Initialized - All print jobs will be tracked
2025-12-30 03:41:31.804 [DBG] [Lifecycle] Job 0605209c-be4e-465a-aa60-b444f9ebeb65 created for 'Adobe PDF' - 'Invoice_1.pdf'
2025-12-30 03:41:31.808 [INF] [PrintJobsManager] 📄 Job Created: 0605209c-be4e-465a-aa60-b444f9ebeb65 | 'Invoice_1.pdf' → 'Adobe PDF' x1
2025-12-30 03:41:31.812 [INF] [Lifecycle] Job 0605209c-be4e-465a-aa60-b444f9ebeb65: "JobCreated" → "FileValidated" | File size: 48KB
2025-12-30 03:41:31.816 [INF] [Lifecycle] Job 0605209c-be4e-465a-aa60-b444f9ebeb65: "FileValidated" → "FilePrepared" | Submitted to print queue
2025-12-30 03:41:31.821 [DBG] [Lifecycle] Job 4dffd6e8-5e94-45f4-94e5-26a6b9c42999 created for 'AnyDesk Printer' - 'Invoice_1.pdf'
2025-12-30 03:41:31.821 [INF] [PrintJobsManager] 📄 Job Created: 4dffd6e8-5e94-45f4-94e5-26a6b9c42999 | 'Invoice_1.pdf' → 'AnyDesk Printer' x1
2025-12-30 03:41:31.821 [INF] [Lifecycle] Job 4dffd6e8-5e94-45f4-94e5-26a6b9c42999: "JobCreated" → "FileValidated" | File size: 48KB
2025-12-30 03:41:31.821 [INF] [Lifecycle] Job 4dffd6e8-5e94-45f4-94e5-26a6b9c42999: "FileValidated" → "FilePrepared" | Submitted to print queue
2025-12-30 03:41:31.821 [DBG] [Lifecycle] Job b13c3a8d-2f22-47cc-afe6-23f388201ba7 created for 'EPSON Universal Print Driver' - 'Invoice_1.pdf'
2025-12-30 03:41:31.821 [INF] [PrintJobsManager] 📄 Job Created: b13c3a8d-2f22-47cc-afe6-23f388201ba7 | 'Invoice_1.pdf' → 'EPSON Universal Print Driver' x1
2025-12-30 03:41:31.822 [INF] [Lifecycle] Job b13c3a8d-2f22-47cc-afe6-23f388201ba7: "JobCreated" → "FileValidated" | File size: 48KB
2025-12-30 03:41:31.822 [INF] [Lifecycle] Job b13c3a8d-2f22-47cc-afe6-23f388201ba7: "FileValidated" → "FilePrepared" | Submitted to print queue
2025-12-30 03:41:31.822 [DBG] [Lifecycle] Job f2e534e7-3cd4-4465-b9b5-1d901f452ba7 created for 'EPSON WF-C5210 Series' - 'Invoice_1.pdf'
2025-12-30 03:41:31.822 [INF] [PrintJobsManager] 📄 Job Created: f2e534e7-3cd4-4465-b9b5-1d901f452ba7 | 'Invoice_1.pdf' → 'EPSON WF-C5210 Series' x1
2025-12-30 03:41:31.822 [INF] [Lifecycle] Job f2e534e7-3cd4-4465-b9b5-1d901f452ba7: "JobCreated" → "FileValidated" | File size: 48KB
2025-12-30 03:41:31.822 [INF] [Lifecycle] Job f2e534e7-3cd4-4465-b9b5-1d901f452ba7: "FileValidated" → "FilePrepared" | Submitted to print queue
2025-12-30 03:41:31.822 [DBG] [Lifecycle] Job 631bc7d7-4a8e-4ba9-87c4-3576f7e895a5 created for 'Foxit PDF Editor Printer' - 'Invoice_1.pdf'
2025-12-30 03:41:31.822 [INF] [PrintJobsManager] 📄 Job Created: 631bc7d7-4a8e-4ba9-87c4-3576f7e895a5 | 'Invoice_1.pdf' → 'Foxit PDF Editor Printer' x1
2025-12-30 03:41:31.822 [INF] [Lifecycle] Job 631bc7d7-4a8e-4ba9-87c4-3576f7e895a5: "JobCreated" → "FileValidated" | File size: 48KB
2025-12-30 03:41:31.822 [INF] [Lifecycle] Job 631bc7d7-4a8e-4ba9-87c4-3576f7e895a5: "FileValidated" → "FilePrepared" | Submitted to print queue
2025-12-30 03:41:31.823 [DBG] [Lifecycle] Job 54c2bc8d-2708-4ebb-97df-6de90b7b8f4e created for 'Microsoft Print to PDF' - 'Invoice_1.pdf'
2025-12-30 03:41:31.823 [INF] [PrintJobsManager] 📄 Job Created: 54c2bc8d-2708-4ebb-97df-6de90b7b8f4e | 'Invoice_1.pdf' → 'Microsoft Print to PDF' x1
2025-12-30 03:41:31.823 [INF] [Lifecycle] Job 54c2bc8d-2708-4ebb-97df-6de90b7b8f4e: "JobCreated" → "FileValidated" | File size: 48KB
2025-12-30 03:41:31.823 [INF] [Lifecycle] Job 54c2bc8d-2708-4ebb-97df-6de90b7b8f4e: "FileValidated" → "FilePrepared" | Submitted to print queue
2025-12-30 03:41:31.823 [DBG] [Lifecycle] Job 5f913440-8adc-49f5-812c-a1ece1b4dfb2 created for 'OneNote (Desktop)' - 'Invoice_1.pdf'
2025-12-30 03:41:31.823 [INF] [PrintJobsManager] 📄 Job Created: 5f913440-8adc-49f5-812c-a1ece1b4dfb2 | 'Invoice_1.pdf' → 'OneNote (Desktop)' x1
2025-12-30 03:41:31.823 [INF] [Lifecycle] Job 5f913440-8adc-49f5-812c-a1ece1b4dfb2: "JobCreated" → "FileValidated" | File size: 48KB
2025-12-30 03:41:31.823 [INF] [Lifecycle] Job 5f913440-8adc-49f5-812c-a1ece1b4dfb2: "FileValidated" → "FilePrepared" | Submitted to print queue
2025-12-30 03:41:31.823 [DBG] [Lifecycle] Job 4fe344d9-bb6a-4827-8f8e-897ef5282a48 created for 'OneNote (Desktop) - Protected' - 'Invoice_1.pdf'
2025-12-30 03:41:31.823 [INF] [PrintJobsManager] 📄 Job Created: 4fe344d9-bb6a-4827-8f8e-897ef5282a48 | 'Invoice_1.pdf' → 'OneNote (Desktop) - Protected' x1
2025-12-30 03:41:31.824 [INF] [Lifecycle] Job 4fe344d9-bb6a-4827-8f8e-897ef5282a48: "JobCreated" → "FileValidated" | File size: 48KB
2025-12-30 03:41:31.824 [INF] [Lifecycle] Job 4fe344d9-bb6a-4827-8f8e-897ef5282a48: "FileValidated" → "FilePrepared" | Submitted to print queue
2025-12-30 03:41:31.824 [DBG] [Lifecycle] Job 8c39f543-f81c-4e0b-ab7f-10216460abd6 created for 'PDF-XChange Standard' - 'Invoice_1.pdf'
2025-12-30 03:41:31.824 [INF] [PrintJobsManager] 📄 Job Created: 8c39f543-f81c-4e0b-ab7f-10216460abd6 | 'Invoice_1.pdf' → 'PDF-XChange Standard' x1
2025-12-30 03:41:31.824 [INF] [Lifecycle] Job 8c39f543-f81c-4e0b-ab7f-10216460abd6: "JobCreated" → "FileValidated" | File size: 48KB
2025-12-30 03:41:31.824 [INF] [Lifecycle] Job 8c39f543-f81c-4e0b-ab7f-10216460abd6: "FileValidated" → "FilePrepared" | Submitted to print queue
2025-12-30 03:41:31.824 [DBG] [Lifecycle] Job 60fe0961-1134-4e28-b3c4-b4e21609fbff created for 'Print to Evernote' - 'Invoice_1.pdf'
2025-12-30 03:41:31.824 [INF] [PrintJobsManager] 📄 Job Created: 60fe0961-1134-4e28-b3c4-b4e21609fbff | 'Invoice_1.pdf' → 'Print to Evernote' x1
2025-12-30 03:41:31.824 [INF] [Lifecycle] Job 60fe0961-1134-4e28-b3c4-b4e21609fbff: "JobCreated" → "FileValidated" | File size: 48KB
2025-12-30 03:41:31.824 [INF] [Lifecycle] Job 60fe0961-1134-4e28-b3c4-b4e21609fbff: "FileValidated" → "FilePrepared" | Submitted to print queue
2025-12-30 03:41:31.833 [DBG] [Lifecycle] Job 389d3b8d-6734-44e1-9c4e-825430935b78 created for 'Adobe PDF' - 'Invoice_1.pdf'
2025-12-30 03:41:31.833 [INF] [PrintJobsManager] 📄 Job Created: 389d3b8d-6734-44e1-9c4e-825430935b78 | 'Invoice_1.pdf' → 'Adobe PDF' x1
2025-12-30 03:41:31.833 [INF] [Lifecycle] Job 389d3b8d-6734-44e1-9c4e-825430935b78: "JobCreated" → "FileValidated" | File size: 48KB
2025-12-30 03:41:31.833 [INF] [Lifecycle] Job 389d3b8d-6734-44e1-9c4e-825430935b78: "FileValidated" → "FilePrepared" | Submitted to print queue
2025-12-30 03:41:31.833 [DBG] [Lifecycle] Job 59389cc1-5a5b-4d9c-bd07-5420b43b84e8 created for 'AnyDesk Printer' - 'Invoice_1.pdf'
2025-12-30 03:41:31.833 [INF] [PrintJobsManager] 📄 Job Created: 59389cc1-5a5b-4d9c-bd07-5420b43b84e8 | 'Invoice_1.pdf' → 'AnyDesk Printer' x1
2025-12-30 03:41:31.833 [INF] [Lifecycle] Job 59389cc1-5a5b-4d9c-bd07-5420b43b84e8: "JobCreated" → "FileValidated" | File size: 48KB
2025-12-30 03:41:31.833 [INF] [Lifecycle] Job 59389cc1-5a5b-4d9c-bd07-5420b43b84e8: "FileValidated" → "FilePrepared" | Submitted to print queue
2025-12-30 03:41:31.834 [DBG] [Lifecycle] Job 537385ce-db8f-4b64-96eb-88f0366daec9 created for 'EPSON Universal Print Driver' - 'Invoice_1.pdf'
2025-12-30 03:41:31.834 [INF] [PrintJobsManager] 📄 Job Created: 537385ce-db8f-4b64-96eb-88f0366daec9 | 'Invoice_1.pdf' → 'EPSON Universal Print Driver' x1
2025-12-30 03:41:31.834 [INF] [Lifecycle] Job 537385ce-db8f-4b64-96eb-88f0366daec9: "JobCreated" → "FileValidated" | File size: 48KB
2025-12-30 03:41:31.834 [INF] [Lifecycle] Job 537385ce-db8f-4b64-96eb-88f0366daec9: "FileValidated" → "FilePrepared" | Submitted to print queue
2025-12-30 03:41:31.834 [DBG] [Lifecycle] Job 3edcd3e1-cdb3-4896-a89e-fa76817dbd75 created for 'EPSON WF-C5210 Series' - 'Invoice_1.pdf'
2025-12-30 03:41:31.834 [INF] [PrintJobsManager] 📄 Job Created: 3edcd3e1-cdb3-4896-a89e-fa76817dbd75 | 'Invoice_1.pdf' → 'EPSON WF-C5210 Series' x1
2025-12-30 03:41:31.834 [INF] [Lifecycle] Job 3edcd3e1-cdb3-4896-a89e-fa76817dbd75: "JobCreated" → "FileValidated" | File size: 48KB
2025-12-30 03:41:31.834 [INF] [Lifecycle] Job 3edcd3e1-cdb3-4896-a89e-fa76817dbd75: "FileValidated" → "FilePrepared" | Submitted to print queue
2025-12-30 03:41:31.834 [DBG] [Lifecycle] Job 02e68fc9-2371-4950-a945-470bb3341d46 created for 'Foxit PDF Editor Printer' - 'Invoice_1.pdf'
2025-12-30 03:41:31.834 [INF] [PrintJobsManager] 📄 Job Created: 02e68fc9-2371-4950-a945-470bb3341d46 | 'Invoice_1.pdf' → 'Foxit PDF Editor Printer' x1
2025-12-30 03:41:31.835 [INF] [Lifecycle] Job 02e68fc9-2371-4950-a945-470bb3341d46: "JobCreated" → "FileValidated" | File size: 48KB
2025-12-30 03:41:31.835 [INF] [Lifecycle] Job 02e68fc9-2371-4950-a945-470bb3341d46: "FileValidated" → "FilePrepared" | Submitted to print queue
2025-12-30 03:41:31.835 [DBG] [Lifecycle] Job dcd5f3ec-68ec-4120-a048-6a38592551be created for 'Microsoft Print to PDF' - 'Invoice_1.pdf'
2025-12-30 03:41:31.835 [INF] [PrintJobsManager] 📄 Job Created: dcd5f3ec-68ec-4120-a048-6a38592551be | 'Invoice_1.pdf' → 'Microsoft Print to PDF' x1
2025-12-30 03:41:31.835 [INF] [Lifecycle] Job dcd5f3ec-68ec-4120-a048-6a38592551be: "JobCreated" → "FileValidated" | File size: 48KB
2025-12-30 03:41:31.835 [INF] [Lifecycle] Job dcd5f3ec-68ec-4120-a048-6a38592551be: "FileValidated" → "FilePrepared" | Submitted to print queue
2025-12-30 03:41:31.835 [DBG] [Lifecycle] Job dad91169-65a0-4650-ad53-fd748bfcec95 created for 'OneNote (Desktop)' - 'Invoice_1.pdf'
2025-12-30 03:41:31.835 [INF] [PrintJobsManager] 📄 Job Created: dad91169-65a0-4650-ad53-fd748bfcec95 | 'Invoice_1.pdf' → 'OneNote (Desktop)' x1
2025-12-30 03:41:31.835 [INF] [Lifecycle] Job dad91169-65a0-4650-ad53-fd748bfcec95: "JobCreated" → "FileValidated" | File size: 48KB
2025-12-30 03:41:31.842 [INF] [Lifecycle] Job dad91169-65a0-4650-ad53-fd748bfcec95: "FileValidated" → "FilePrepared" | Submitted to print queue
2025-12-30 03:41:31.842 [DBG] [Lifecycle] Job 49aec4a0-185a-495e-922c-27b66b924704 created for 'OneNote (Desktop) - Protected' - 'Invoice_1.pdf'
2025-12-30 03:41:31.842 [INF] [PrintJobsManager] 📄 Job Created: 49aec4a0-185a-495e-922c-27b66b924704 | 'Invoice_1.pdf' → 'OneNote (Desktop) - Protected' x1
2025-12-30 03:41:31.842 [INF] [Lifecycle] Job 49aec4a0-185a-495e-922c-27b66b924704: "JobCreated" → "FileValidated" | File size: 48KB
2025-12-30 03:41:31.842 [INF] [Lifecycle] Job 49aec4a0-185a-495e-922c-27b66b924704: "FileValidated" → "FilePrepared" | Submitted to print queue
2025-12-30 03:41:31.842 [DBG] [Lifecycle] Job 467f3a5a-ddfb-4ad3-8a97-fed280475064 created for 'PDF-XChange Standard' - 'Invoice_1.pdf'
2025-12-30 03:41:31.842 [INF] [PrintJobsManager] 📄 Job Created: 467f3a5a-ddfb-4ad3-8a97-fed280475064 | 'Invoice_1.pdf' → 'PDF-XChange Standard' x1
2025-12-30 03:41:31.843 [INF] [Lifecycle] Job 467f3a5a-ddfb-4ad3-8a97-fed280475064: "JobCreated" → "FileValidated" | File size: 48KB
2025-12-30 03:41:31.843 [INF] [Lifecycle] Job 467f3a5a-ddfb-4ad3-8a97-fed280475064: "FileValidated" → "FilePrepared" | Submitted to print queue
2025-12-30 03:41:31.843 [DBG] [Lifecycle] Job 332253a5-62f2-4a5c-b2b0-6c46290d31dc created for 'Print to Evernote' - 'Invoice_1.pdf'
2025-12-30 03:41:31.843 [INF] [PrintJobsManager] 📄 Job Created: 332253a5-62f2-4a5c-b2b0-6c46290d31dc | 'Invoice_1.pdf' → 'Print to Evernote' x1
2025-12-30 03:41:31.843 [INF] [Lifecycle] Job 332253a5-62f2-4a5c-b2b0-6c46290d31dc: "JobCreated" → "FileValidated" | File size: 48KB
2025-12-30 03:41:31.843 [INF] [Lifecycle] Job 332253a5-62f2-4a5c-b2b0-6c46290d31dc: "FileValidated" → "FilePrepared" | Submitted to print queue
2025-12-30 03:41:37.254 [DBG] [Lifecycle] Job d1dd65a1-3c2e-48f8-9a48-fec89e793291 created for 'Adobe PDF' - 'Invoice_1.pdf'
2025-12-30 03:41:37.254 [INF] [PrintJobsManager] 📄 Job Created: d1dd65a1-3c2e-48f8-9a48-fec89e793291 | 'Invoice_1.pdf' → 'Adobe PDF' x1
2025-12-30 03:41:37.255 [INF] [Lifecycle] Job d1dd65a1-3c2e-48f8-9a48-fec89e793291: "JobCreated" → "FileValidated" | File size: 48KB
2025-12-30 03:41:37.255 [INF] [Lifecycle] Job d1dd65a1-3c2e-48f8-9a48-fec89e793291: "FileValidated" → "FilePrepared" | Submitted to print queue
2025-12-30 03:41:37.255 [DBG] [Lifecycle] Job cbd43d49-9749-4bbd-a477-10de947193dd created for 'AnyDesk Printer' - 'Invoice_1.pdf'
2025-12-30 03:41:37.255 [INF] [PrintJobsManager] 📄 Job Created: cbd43d49-9749-4bbd-a477-10de947193dd | 'Invoice_1.pdf' → 'AnyDesk Printer' x1
2025-12-30 03:41:37.255 [INF] [Lifecycle] Job cbd43d49-9749-4bbd-a477-10de947193dd: "JobCreated" → "FileValidated" | File size: 48KB
2025-12-30 03:41:37.255 [INF] [Lifecycle] Job cbd43d49-9749-4bbd-a477-10de947193dd: "FileValidated" → "FilePrepared" | Submitted to print queue
2025-12-30 03:41:37.255 [DBG] [Lifecycle] Job 1370f7ee-9a17-4ad3-99ff-b2076fe3deb2 created for 'EPSON Universal Print Driver' - 'Invoice_1.pdf'
2025-12-30 03:41:37.255 [INF] [PrintJobsManager] 📄 Job Created: 1370f7ee-9a17-4ad3-99ff-b2076fe3deb2 | 'Invoice_1.pdf' → 'EPSON Universal Print Driver' x1
2025-12-30 03:41:37.255 [INF] [Lifecycle] Job 1370f7ee-9a17-4ad3-99ff-b2076fe3deb2: "JobCreated" → "FileValidated" | File size: 48KB
2025-12-30 03:41:37.255 [INF] [Lifecycle] Job 1370f7ee-9a17-4ad3-99ff-b2076fe3deb2: "FileValidated" → "FilePrepared" | Submitted to print queue
2025-12-30 03:41:37.256 [DBG] [Lifecycle] Job 9ea7cb32-44dc-461d-81ab-190e0618417d created for 'EPSON WF-C5210 Series' - 'Invoice_1.pdf'
2025-12-30 03:41:37.256 [INF] [PrintJobsManager] 📄 Job Created: 9ea7cb32-44dc-461d-81ab-190e0618417d | 'Invoice_1.pdf' → 'EPSON WF-C5210 Series' x1
2025-12-30 03:41:37.256 [INF] [Lifecycle] Job 9ea7cb32-44dc-461d-81ab-190e0618417d: "JobCreated" → "FileValidated" | File size: 48KB
2025-12-30 03:41:37.256 [INF] [Lifecycle] Job 9ea7cb32-44dc-461d-81ab-190e0618417d: "FileValidated" → "FilePrepared" | Submitted to print queue
2025-12-30 03:41:37.256 [DBG] [Lifecycle] Job 85401a1f-c667-4f9b-ad39-90aedbac421a created for 'Foxit PDF Editor Printer' - 'Invoice_1.pdf'
2025-12-30 03:41:37.256 [INF] [PrintJobsManager] 📄 Job Created: 85401a1f-c667-4f9b-ad39-90aedbac421a | 'Invoice_1.pdf' → 'Foxit PDF Editor Printer' x1
2025-12-30 03:41:37.256 [INF] [Lifecycle] Job 85401a1f-c667-4f9b-ad39-90aedbac421a: "JobCreated" → "FileValidated" | File size: 48KB
2025-12-30 03:41:37.256 [INF] [Lifecycle] Job 85401a1f-c667-4f9b-ad39-90aedbac421a: "FileValidated" → "FilePrepared" | Submitted to print queue
2025-12-30 03:41:37.256 [DBG] [Lifecycle] Job 21004186-c141-4d79-a138-899ebfd066da created for 'Microsoft Print to PDF' - 'Invoice_1.pdf'
2025-12-30 03:41:37.256 [INF] [PrintJobsManager] 📄 Job Created: 21004186-c141-4d79-a138-899ebfd066da | 'Invoice_1.pdf' → 'Microsoft Print to PDF' x1
2025-12-30 03:41:37.257 [INF] [Lifecycle] Job 21004186-c141-4d79-a138-899ebfd066da: "JobCreated" → "FileValidated" | File size: 48KB
2025-12-30 03:41:37.257 [INF] [Lifecycle] Job 21004186-c141-4d79-a138-899ebfd066da: "FileValidated" → "FilePrepared" | Submitted to print queue
2025-12-30 03:41:37.257 [DBG] [Lifecycle] Job dbbef051-c088-410d-83e9-d8eef29fecdd created for 'OneNote (Desktop)' - 'Invoice_1.pdf'
2025-12-30 03:41:37.257 [INF] [PrintJobsManager] 📄 Job Created: dbbef051-c088-410d-83e9-d8eef29fecdd | 'Invoice_1.pdf' → 'OneNote (Desktop)' x1
2025-12-30 03:41:37.257 [INF] [Lifecycle] Job dbbef051-c088-410d-83e9-d8eef29fecdd: "JobCreated" → "FileValidated" | File size: 48KB
2025-12-30 03:41:37.257 [INF] [Lifecycle] Job dbbef051-c088-410d-83e9-d8eef29fecdd: "FileValidated" → "FilePrepared" | Submitted to print queue
2025-12-30 03:41:37.257 [DBG] [Lifecycle] Job 74f8b94a-1f90-4a90-9e66-89ed08700c20 created for 'OneNote (Desktop) - Protected' - 'Invoice_1.pdf'
2025-12-30 03:41:37.257 [INF] [PrintJobsManager] 📄 Job Created: 74f8b94a-1f90-4a90-9e66-89ed08700c20 | 'Invoice_1.pdf' → 'OneNote (Desktop) - Protected' x1
2025-12-30 03:41:37.257 [INF] [Lifecycle] Job 74f8b94a-1f90-4a90-9e66-89ed08700c20: "JobCreated" → "FileValidated" | File size: 48KB
2025-12-30 03:41:37.258 [INF] [Lifecycle] Job 74f8b94a-1f90-4a90-9e66-89ed08700c20: "FileValidated" → "FilePrepared" | Submitted to print queue
2025-12-30 03:41:37.258 [DBG] [Lifecycle] Job 254e6ec6-f318-40ef-901d-2c698104d0d0 created for 'PDF-XChange Standard' - 'Invoice_1.pdf'
2025-12-30 03:41:37.258 [INF] [PrintJobsManager] 📄 Job Created: 254e6ec6-f318-40ef-901d-2c698104d0d0 | 'Invoice_1.pdf' → 'PDF-XChange Standard' x1
2025-12-30 03:41:37.258 [INF] [Lifecycle] Job 254e6ec6-f318-40ef-901d-2c698104d0d0: "JobCreated" → "FileValidated" | File size: 48KB
2025-12-30 03:41:37.258 [INF] [Lifecycle] Job 254e6ec6-f318-40ef-901d-2c698104d0d0: "FileValidated" → "FilePrepared" | Submitted to print queue
2025-12-30 03:41:37.258 [DBG] [Lifecycle] Job cacbef78-3551-4a11-8b59-0524abf39626 created for 'Print to Evernote' - 'Invoice_1.pdf'
2025-12-30 03:41:37.258 [INF] [PrintJobsManager] 📄 Job Created: cacbef78-3551-4a11-8b59-0524abf39626 | 'Invoice_1.pdf' → 'Print to Evernote' x1
2025-12-30 03:41:37.258 [INF] [Lifecycle] Job cacbef78-3551-4a11-8b59-0524abf39626: "JobCreated" → "FileValidated" | File size: 48KB
2025-12-30 03:41:37.259 [INF] [Lifecycle] Job cacbef78-3551-4a11-8b59-0524abf39626: "FileValidated" → "FilePrepared" | Submitted to print queue
2025-12-30 03:41:42.766 [DBG] [Lifecycle] Job ecb7a621-2065-4542-aeaf-78cacd46d518 created for 'Adobe PDF' - 'Invoice_1.pdf'
2025-12-30 03:41:42.766 [INF] [PrintJobsManager] 📄 Job Created: ecb7a621-2065-4542-aeaf-78cacd46d518 | 'Invoice_1.pdf' → 'Adobe PDF' x1
2025-12-30 03:41:42.767 [INF] [Lifecycle] Job ecb7a621-2065-4542-aeaf-78cacd46d518: "JobCreated" → "FileValidated" | File size: 48KB
2025-12-30 03:41:42.767 [INF] [Lifecycle] Job ecb7a621-2065-4542-aeaf-78cacd46d518: "FileValidated" → "FilePrepared" | Submitted to print queue
2025-12-30 03:41:42.767 [DBG] [Lifecycle] Job 05be03cb-a2ae-4744-afb7-e111421b21aa created for 'AnyDesk Printer' - 'Invoice_1.pdf'
2025-12-30 03:41:42.767 [INF] [PrintJobsManager] 📄 Job Created: 05be03cb-a2ae-4744-afb7-e111421b21aa | 'Invoice_1.pdf' → 'AnyDesk Printer' x1
2025-12-30 03:41:42.767 [INF] [Lifecycle] Job 05be03cb-a2ae-4744-afb7-e111421b21aa: "JobCreated" → "FileValidated" | File size: 48KB
2025-12-30 03:41:42.767 [INF] [Lifecycle] Job 05be03cb-a2ae-4744-afb7-e111421b21aa: "FileValidated" → "FilePrepared" | Submitted to print queue
2025-12-30 03:41:42.767 [DBG] [Lifecycle] Job 1a3fdba4-54fb-47bc-8a82-4852162fced2 created for 'EPSON Universal Print Driver' - 'Invoice_1.pdf'
2025-12-30 03:41:42.767 [INF] [PrintJobsManager] 📄 Job Created: 1a3fdba4-54fb-47bc-8a82-4852162fced2 | 'Invoice_1.pdf' → 'EPSON Universal Print Driver' x1
2025-12-30 03:41:42.767 [INF] [Lifecycle] Job 1a3fdba4-54fb-47bc-8a82-4852162fced2: "JobCreated" → "FileValidated" | File size: 48KB
2025-12-30 03:41:42.767 [INF] [Lifecycle] Job 1a3fdba4-54fb-47bc-8a82-4852162fced2: "FileValidated" → "FilePrepared" | Submitted to print queue
2025-12-30 03:41:42.768 [DBG] [Lifecycle] Job 9badb26e-b974-457e-b6ad-ef19b2a68601 created for 'EPSON WF-C5210 Series' - 'Invoice_1.pdf'
2025-12-30 03:41:42.768 [INF] [PrintJobsManager] 📄 Job Created: 9badb26e-b974-457e-b6ad-ef19b2a68601 | 'Invoice_1.pdf' → 'EPSON WF-C5210 Series' x1
2025-12-30 03:41:42.768 [INF] [Lifecycle] Job 9badb26e-b974-457e-b6ad-ef19b2a68601: "JobCreated" → "FileValidated" | File size: 48KB
2025-12-30 03:41:42.768 [INF] [Lifecycle] Job 9badb26e-b974-457e-b6ad-ef19b2a68601: "FileValidated" → "FilePrepared" | Submitted to print queue
2025-12-30 03:41:42.768 [DBG] [Lifecycle] Job f6c17c33-344a-4094-97d6-be934fc70ec4 created for 'Foxit PDF Editor Printer' - 'Invoice_1.pdf'
2025-12-30 03:41:42.768 [INF] [PrintJobsManager] 📄 Job Created: f6c17c33-344a-4094-97d6-be934fc70ec4 | 'Invoice_1.pdf' → 'Foxit PDF Editor Printer' x1
2025-12-30 03:41:42.768 [INF] [Lifecycle] Job f6c17c33-344a-4094-97d6-be934fc70ec4: "JobCreated" → "FileValidated" | File size: 48KB
2025-12-30 03:41:42.768 [INF] [Lifecycle] Job f6c17c33-344a-4094-97d6-be934fc70ec4: "FileValidated" → "FilePrepared" | Submitted to print queue
2025-12-30 03:41:42.768 [DBG] [Lifecycle] Job 3a098d54-c205-4e7a-ae77-4803d01f0f76 created for 'Microsoft Print to PDF' - 'Invoice_1.pdf'
2025-12-30 03:41:42.768 [INF] [PrintJobsManager] 📄 Job Created: 3a098d54-c205-4e7a-ae77-4803d01f0f76 | 'Invoice_1.pdf' → 'Microsoft Print to PDF' x1
2025-12-30 03:41:42.769 [INF] [Lifecycle] Job 3a098d54-c205-4e7a-ae77-4803d01f0f76: "JobCreated" → "FileValidated" | File size: 48KB
2025-12-30 03:41:42.769 [INF] [Lifecycle] Job 3a098d54-c205-4e7a-ae77-4803d01f0f76: "FileValidated" → "FilePrepared" | Submitted to print queue
2025-12-30 03:41:42.769 [DBG] [Lifecycle] Job 1e2b18f5-cbe9-4d43-82fb-f2f6bf9a45ec created for 'OneNote (Desktop)' - 'Invoice_1.pdf'
2025-12-30 03:41:42.769 [INF] [PrintJobsManager] 📄 Job Created: 1e2b18f5-cbe9-4d43-82fb-f2f6bf9a45ec | 'Invoice_1.pdf' → 'OneNote (Desktop)' x1
2025-12-30 03:41:42.769 [INF] [Lifecycle] Job 1e2b18f5-cbe9-4d43-82fb-f2f6bf9a45ec: "JobCreated" → "FileValidated" | File size: 48KB
2025-12-30 03:41:42.769 [INF] [Lifecycle] Job 1e2b18f5-cbe9-4d43-82fb-f2f6bf9a45ec: "FileValidated" → "FilePrepared" | Submitted to print queue
2025-12-30 03:41:42.769 [DBG] [Lifecycle] Job 303e12bd-9900-4439-894e-1f585c7dff0e created for 'OneNote (Desktop) - Protected' - 'Invoice_1.pdf'
2025-12-30 03:41:42.769 [INF] [PrintJobsManager] 📄 Job Created: 303e12bd-9900-4439-894e-1f585c7dff0e | 'Invoice_1.pdf' → 'OneNote (Desktop) - Protected' x1
2025-12-30 03:41:42.769 [INF] [Lifecycle] Job 303e12bd-9900-4439-894e-1f585c7dff0e: "JobCreated" → "FileValidated" | File size: 48KB
2025-12-30 03:41:42.769 [INF] [Lifecycle] Job 303e12bd-9900-4439-894e-1f585c7dff0e: "FileValidated" → "FilePrepared" | Submitted to print queue
2025-12-30 03:41:42.770 [DBG] [Lifecycle] Job 5e29576b-8273-4bd3-9be8-1388eaeeaac1 created for 'PDF-XChange Standard' - 'Invoice_1.pdf'
2025-12-30 03:41:42.770 [INF] [PrintJobsManager] 📄 Job Created: 5e29576b-8273-4bd3-9be8-1388eaeeaac1 | 'Invoice_1.pdf' → 'PDF-XChange Standard' x1
2025-12-30 03:41:42.770 [INF] [Lifecycle] Job 5e29576b-8273-4bd3-9be8-1388eaeeaac1: "JobCreated" → "FileValidated" | File size: 48KB
2025-12-30 03:41:42.770 [INF] [Lifecycle] Job 5e29576b-8273-4bd3-9be8-1388eaeeaac1: "FileValidated" → "FilePrepared" | Submitted to print queue
2025-12-30 03:41:42.770 [DBG] [Lifecycle] Job ed4c7ccc-6231-47d8-93aa-8678fe605c17 created for 'Print to Evernote' - 'Invoice_1.pdf'
2025-12-30 03:41:42.770 [INF] [PrintJobsManager] 📄 Job Created: ed4c7ccc-6231-47d8-93aa-8678fe605c17 | 'Invoice_1.pdf' → 'Print to Evernote' x1
2025-12-30 03:41:42.770 [INF] [Lifecycle] Job ed4c7ccc-6231-47d8-93aa-8678fe605c17: "JobCreated" → "FileValidated" | File size: 48KB
2025-12-30 03:41:42.770 [INF] [Lifecycle] Job ed4c7ccc-6231-47d8-93aa-8678fe605c17: "FileValidated" → "FilePrepared" | Submitted to print queue
2025-12-30 03:41:46.838 [DBG] [Lifecycle] Job 86eb5809-8dc0-4aed-87ce-287241ef383e created for 'Adobe PDF' - 'Invoice_1.pdf'
2025-12-30 03:41:46.838 [INF] [PrintJobsManager] 📄 Job Created: 86eb5809-8dc0-4aed-87ce-287241ef383e | 'Invoice_1.pdf' → 'Adobe PDF' x1
2025-12-30 03:41:46.838 [INF] [Lifecycle] Job 86eb5809-8dc0-4aed-87ce-287241ef383e: "JobCreated" → "FileValidated" | File size: 48KB
2025-12-30 03:41:46.838 [INF] [Lifecycle] Job 86eb5809-8dc0-4aed-87ce-287241ef383e: "FileValidated" → "FilePrepared" | Submitted to print queue
2025-12-30 03:41:46.838 [DBG] [Lifecycle] Job 0b407313-d69b-40ea-9dc2-bdb11e5fe928 created for 'AnyDesk Printer' - 'Invoice_1.pdf'
2025-12-30 03:41:46.838 [INF] [PrintJobsManager] 📄 Job Created: 0b407313-d69b-40ea-9dc2-bdb11e5fe928 | 'Invoice_1.pdf' → 'AnyDesk Printer' x1
2025-12-30 03:41:46.838 [INF] [Lifecycle] Job 0b407313-d69b-40ea-9dc2-bdb11e5fe928: "JobCreated" → "FileValidated" | File size: 48KB
2025-12-30 03:41:46.839 [INF] [Lifecycle] Job 0b407313-d69b-40ea-9dc2-bdb11e5fe928: "FileValidated" → "FilePrepared" | Submitted to print queue
2025-12-30 03:41:46.839 [DBG] [Lifecycle] Job df96f539-38d1-46fa-87fc-877ae2e85e7f created for 'EPSON Universal Print Driver' - 'Invoice_1.pdf'
2025-12-30 03:41:46.839 [INF] [PrintJobsManager] 📄 Job Created: df96f539-38d1-46fa-87fc-877ae2e85e7f | 'Invoice_1.pdf' → 'EPSON Universal Print Driver' x1
2025-12-30 03:41:46.839 [INF] [Lifecycle] Job df96f539-38d1-46fa-87fc-877ae2e85e7f: "JobCreated" → "FileValidated" | File size: 48KB
2025-12-30 03:41:46.839 [INF] [Lifecycle] Job df96f539-38d1-46fa-87fc-877ae2e85e7f: "FileValidated" → "FilePrepared" | Submitted to print queue
2025-12-30 03:41:46.839 [DBG] [Lifecycle] Job a40a917e-c26d-47b1-8185-fbd681407ce6 created for 'EPSON WF-C5210 Series' - 'Invoice_1.pdf'
2025-12-30 03:41:46.839 [INF] [PrintJobsManager] 📄 Job Created: a40a917e-c26d-47b1-8185-fbd681407ce6 | 'Invoice_1.pdf' → 'EPSON WF-C5210 Series' x1
2025-12-30 03:41:46.839 [INF] [Lifecycle] Job a40a917e-c26d-47b1-8185-fbd681407ce6: "JobCreated" → "FileValidated" | File size: 48KB
2025-12-30 03:41:46.839 [INF] [Lifecycle] Job a40a917e-c26d-47b1-8185-fbd681407ce6: "FileValidated" → "FilePrepared" | Submitted to print queue
2025-12-30 03:41:46.839 [DBG] [Lifecycle] Job 36576165-3a8a-4f35-9161-0a3dddff0746 created for 'Foxit PDF Editor Printer' - 'Invoice_1.pdf'
2025-12-30 03:41:46.839 [INF] [PrintJobsManager] 📄 Job Created: 36576165-3a8a-4f35-9161-0a3dddff0746 | 'Invoice_1.pdf' → 'Foxit PDF Editor Printer' x1
2025-12-30 03:41:46.839 [INF] [Lifecycle] Job 36576165-3a8a-4f35-9161-0a3dddff0746: "JobCreated" → "FileValidated" | File size: 48KB
2025-12-30 03:41:46.839 [INF] [Lifecycle] Job 36576165-3a8a-4f35-9161-0a3dddff0746: "FileValidated" → "FilePrepared" | Submitted to print queue
2025-12-30 03:41:46.839 [DBG] [Lifecycle] Job 85770bc9-cef4-422f-b82d-fdbc79bce60f created for 'Microsoft Print to PDF' - 'Invoice_1.pdf'
2025-12-30 03:41:46.839 [INF] [PrintJobsManager] 📄 Job Created: 85770bc9-cef4-422f-b82d-fdbc79bce60f | 'Invoice_1.pdf' → 'Microsoft Print to PDF' x1
2025-12-30 03:41:46.839 [INF] [Lifecycle] Job 85770bc9-cef4-422f-b82d-fdbc79bce60f: "JobCreated" → "FileValidated" | File size: 48KB
2025-12-30 03:41:46.839 [INF] [Lifecycle] Job 85770bc9-cef4-422f-b82d-fdbc79bce60f: "FileValidated" → "FilePrepared" | Submitted to print queue
2025-12-30 03:41:46.839 [DBG] [Lifecycle] Job b68b9b69-3512-4428-83fe-97c1077a89cd created for 'OneNote (Desktop)' - 'Invoice_1.pdf'
2025-12-30 03:41:46.840 [INF] [PrintJobsManager] 📄 Job Created: b68b9b69-3512-4428-83fe-97c1077a89cd | 'Invoice_1.pdf' → 'OneNote (Desktop)' x1
2025-12-30 03:41:46.840 [INF] [Lifecycle] Job b68b9b69-3512-4428-83fe-97c1077a89cd: "JobCreated" → "FileValidated" | File size: 48KB
2025-12-30 03:41:46.840 [INF] [Lifecycle] Job b68b9b69-3512-4428-83fe-97c1077a89cd: "FileValidated" → "FilePrepared" | Submitted to print queue
2025-12-30 03:41:46.840 [DBG] [Lifecycle] Job f1e15835-18d3-4737-8fd8-f565e187db64 created for 'OneNote (Desktop) - Protected' - 'Invoice_1.pdf'
2025-12-30 03:41:46.840 [INF] [PrintJobsManager] 📄 Job Created: f1e15835-18d3-4737-8fd8-f565e187db64 | 'Invoice_1.pdf' → 'OneNote (Desktop) - Protected' x1
2025-12-30 03:41:46.840 [INF] [Lifecycle] Job f1e15835-18d3-4737-8fd8-f565e187db64: "JobCreated" → "FileValidated" | File size: 48KB
2025-12-30 03:41:46.840 [INF] [Lifecycle] Job f1e15835-18d3-4737-8fd8-f565e187db64: "FileValidated" → "FilePrepared" | Submitted to print queue
2025-12-30 03:41:46.840 [DBG] [Lifecycle] Job b191b50b-4387-4f83-a90c-3ae9ab2e05d4 created for 'PDF-XChange Standard' - 'Invoice_1.pdf'
2025-12-30 03:41:46.840 [INF] [PrintJobsManager] 📄 Job Created: b191b50b-4387-4f83-a90c-3ae9ab2e05d4 | 'Invoice_1.pdf' → 'PDF-XChange Standard' x1
2025-12-30 03:41:46.840 [INF] [Lifecycle] Job b191b50b-4387-4f83-a90c-3ae9ab2e05d4: "JobCreated" → "FileValidated" | File size: 48KB
2025-12-30 03:41:46.840 [INF] [Lifecycle] Job b191b50b-4387-4f83-a90c-3ae9ab2e05d4: "FileValidated" → "FilePrepared" | Submitted to print queue
2025-12-30 03:41:46.840 [DBG] [Lifecycle] Job 2c7971ea-5905-4fc5-947a-78152f0c7c3d created for 'Print to Evernote' - 'Invoice_1.pdf'
2025-12-30 03:41:46.840 [INF] [PrintJobsManager] 📄 Job Created: 2c7971ea-5905-4fc5-947a-78152f0c7c3d | 'Invoice_1.pdf' → 'Print to Evernote' x1
2025-12-30 03:41:46.840 [INF] [Lifecycle] Job 2c7971ea-5905-4fc5-947a-78152f0c7c3d: "JobCreated" → "FileValidated" | File size: 48KB
2025-12-30 03:41:46.840 [INF] [Lifecycle] Job 2c7971ea-5905-4fc5-947a-78152f0c7c3d: "FileValidated" → "FilePrepared" | Submitted to print queue
2025-12-30 03:41:47.092 [DBG] [Lifecycle] Job ffd88eb4-cc04-40ba-acd3-8be4e248a489 created for 'Adobe PDF' - 'Invoice_1.pdf'
2025-12-30 03:41:47.092 [INF] [PrintJobsManager] 📄 Job Created: ffd88eb4-cc04-40ba-acd3-8be4e248a489 | 'Invoice_1.pdf' → 'Adobe PDF' x1
2025-12-30 03:41:47.092 [INF] [Lifecycle] Job ffd88eb4-cc04-40ba-acd3-8be4e248a489: "JobCreated" → "FileValidated" | File size: 48KB
2025-12-30 03:41:47.092 [INF] [Lifecycle] Job ffd88eb4-cc04-40ba-acd3-8be4e248a489: "FileValidated" → "FilePrepared" | Submitted to print queue
2025-12-30 03:41:47.092 [DBG] [Lifecycle] Job d0208aa1-d994-4378-95fc-04603d402ae8 created for 'AnyDesk Printer' - 'Invoice_1.pdf'
2025-12-30 03:41:47.092 [INF] [PrintJobsManager] 📄 Job Created: d0208aa1-d994-4378-95fc-04603d402ae8 | 'Invoice_1.pdf' → 'AnyDesk Printer' x1
2025-12-30 03:41:47.092 [INF] [Lifecycle] Job d0208aa1-d994-4378-95fc-04603d402ae8: "JobCreated" → "FileValidated" | File size: 48KB
2025-12-30 03:41:47.092 [INF] [Lifecycle] Job d0208aa1-d994-4378-95fc-04603d402ae8: "FileValidated" → "FilePrepared" | Submitted to print queue
2025-12-30 03:41:47.092 [DBG] [Lifecycle] Job 2d084c8b-a5c9-4cf4-8f69-deed98f76881 created for 'EPSON Universal Print Driver' - 'Invoice_1.pdf'
2025-12-30 03:41:47.092 [INF] [PrintJobsManager] 📄 Job Created: 2d084c8b-a5c9-4cf4-8f69-deed98f76881 | 'Invoice_1.pdf' → 'EPSON Universal Print Driver' x1
2025-12-30 03:41:47.092 [INF] [Lifecycle] Job 2d084c8b-a5c9-4cf4-8f69-deed98f76881: "JobCreated" → "FileValidated" | File size: 48KB
2025-12-30 03:41:47.092 [INF] [Lifecycle] Job 2d084c8b-a5c9-4cf4-8f69-deed98f76881: "FileValidated" → "FilePrepared" | Submitted to print queue
2025-12-30 03:41:47.092 [DBG] [Lifecycle] Job 191333e3-b1b2-4afe-bf94-33e18dd52596 created for 'EPSON WF-C5210 Series' - 'Invoice_1.pdf'
2025-12-30 03:41:47.092 [INF] [PrintJobsManager] 📄 Job Created: 191333e3-b1b2-4afe-bf94-33e18dd52596 | 'Invoice_1.pdf' → 'EPSON WF-C5210 Series' x1
2025-12-30 03:41:47.092 [INF] [Lifecycle] Job 191333e3-b1b2-4afe-bf94-33e18dd52596: "JobCreated" → "FileValidated" | File size: 48KB
2025-12-30 03:41:47.092 [INF] [Lifecycle] Job 191333e3-b1b2-4afe-bf94-33e18dd52596: "FileValidated" → "FilePrepared" | Submitted to print queue
2025-12-30 03:41:47.093 [DBG] [Lifecycle] Job 4d217bec-e963-4a7c-9193-8e09f1b54c7a created for 'Foxit PDF Editor Printer' - 'Invoice_1.pdf'
2025-12-30 03:41:47.093 [INF] [PrintJobsManager] 📄 Job Created: 4d217bec-e963-4a7c-9193-8e09f1b54c7a | 'Invoice_1.pdf' → 'Foxit PDF Editor Printer' x1
2025-12-30 03:41:47.093 [INF] [Lifecycle] Job 4d217bec-e963-4a7c-9193-8e09f1b54c7a: "JobCreated" → "FileValidated" | File size: 48KB
2025-12-30 03:41:47.093 [INF] [Lifecycle] Job 4d217bec-e963-4a7c-9193-8e09f1b54c7a: "FileValidated" → "FilePrepared" | Submitted to print queue
2025-12-30 03:41:47.093 [DBG] [Lifecycle] Job 7a499def-7550-4a50-87b1-bb0367506ee2 created for 'Microsoft Print to PDF' - 'Invoice_1.pdf'
2025-12-30 03:41:47.093 [INF] [PrintJobsManager] 📄 Job Created: 7a499def-7550-4a50-87b1-bb0367506ee2 | 'Invoice_1.pdf' → 'Microsoft Print to PDF' x1
2025-12-30 03:41:47.093 [INF] [Lifecycle] Job 7a499def-7550-4a50-87b1-bb0367506ee2: "JobCreated" → "FileValidated" | File size: 48KB
2025-12-30 03:41:47.093 [INF] [Lifecycle] Job 7a499def-7550-4a50-87b1-bb0367506ee2: "FileValidated" → "FilePrepared" | Submitted to print queue
2025-12-30 03:41:47.093 [DBG] [Lifecycle] Job 12e7fdeb-7b52-4fa0-9c36-6e47a83bb909 created for 'OneNote (Desktop)' - 'Invoice_1.pdf'
2025-12-30 03:41:47.093 [INF] [PrintJobsManager] 📄 Job Created: 12e7fdeb-7b52-4fa0-9c36-6e47a83bb909 | 'Invoice_1.pdf' → 'OneNote (Desktop)' x1
2025-12-30 03:41:47.093 [INF] [Lifecycle] Job 12e7fdeb-7b52-4fa0-9c36-6e47a83bb909: "JobCreated" → "FileValidated" | File size: 48KB
2025-12-30 03:41:47.093 [INF] [Lifecycle] Job 12e7fdeb-7b52-4fa0-9c36-6e47a83bb909: "FileValidated" → "FilePrepared" | Submitted to print queue
2025-12-30 03:41:47.093 [DBG] [Lifecycle] Job b07ef231-a1cd-4bd4-b064-52e7d8a22334 created for 'OneNote (Desktop) - Protected' - 'Invoice_1.pdf'
2025-12-30 03:41:47.093 [INF] [PrintJobsManager] 📄 Job Created: b07ef231-a1cd-4bd4-b064-52e7d8a22334 | 'Invoice_1.pdf' → 'OneNote (Desktop) - Protected' x1
2025-12-30 03:41:47.094 [INF] [Lifecycle] Job b07ef231-a1cd-4bd4-b064-52e7d8a22334: "JobCreated" → "FileValidated" | File size: 48KB
2025-12-30 03:41:47.094 [INF] [Lifecycle] Job b07ef231-a1cd-4bd4-b064-52e7d8a22334: "FileValidated" → "FilePrepared" | Submitted to print queue
2025-12-30 03:41:47.094 [DBG] [Lifecycle] Job cad803c0-c6b7-48e8-849e-6c9b2d08526d created for 'PDF-XChange Standard' - 'Invoice_1.pdf'
2025-12-30 03:41:47.094 [INF] [PrintJobsManager] 📄 Job Created: cad803c0-c6b7-48e8-849e-6c9b2d08526d | 'Invoice_1.pdf' → 'PDF-XChange Standard' x1
2025-12-30 03:41:47.094 [INF] [Lifecycle] Job cad803c0-c6b7-48e8-849e-6c9b2d08526d: "JobCreated" → "FileValidated" | File size: 48KB
2025-12-30 03:41:47.094 [INF] [Lifecycle] Job cad803c0-c6b7-48e8-849e-6c9b2d08526d: "FileValidated" → "FilePrepared" | Submitted to print queue
2025-12-30 03:41:47.094 [DBG] [Lifecycle] Job 2007ba3f-d3f4-4ab0-934f-742b5aeea684 created for 'Print to Evernote' - 'Invoice_1.pdf'
2025-12-30 03:41:47.094 [INF] [PrintJobsManager] 📄 Job Created: 2007ba3f-d3f4-4ab0-934f-742b5aeea684 | 'Invoice_1.pdf' → 'Print to Evernote' x1
2025-12-30 03:41:47.094 [INF] [Lifecycle] Job 2007ba3f-d3f4-4ab0-934f-742b5aeea684: "JobCreated" → "FileValidated" | File size: 48KB
2025-12-30 03:41:47.094 [INF] [Lifecycle] Job 2007ba3f-d3f4-4ab0-934f-742b5aeea684: "FileValidated" → "FilePrepared" | Submitted to print queue
2025-12-30 03:41:47.121 [DBG] [Lifecycle] Job 1fa03bca-a7c1-4b7c-95e1-1106a5d36c30 created for 'Adobe PDF' - 'Invoice_1.pdf'
2025-12-30 03:41:47.121 [INF] [PrintJobsManager] 📄 Job Created: 1fa03bca-a7c1-4b7c-95e1-1106a5d36c30 | 'Invoice_1.pdf' → 'Adobe PDF' x1
2025-12-30 03:41:47.121 [INF] [Lifecycle] Job 1fa03bca-a7c1-4b7c-95e1-1106a5d36c30: "JobCreated" → "FileValidated" | File size: 48KB
2025-12-30 03:41:47.121 [INF] [Lifecycle] Job 1fa03bca-a7c1-4b7c-95e1-1106a5d36c30: "FileValidated" → "FilePrepared" | Submitted to print queue
2025-12-30 03:41:47.121 [DBG] [Lifecycle] Job 2b473317-afb9-4647-8da5-214c956a6db6 created for 'AnyDesk Printer' - 'Invoice_1.pdf'
2025-12-30 03:41:47.121 [INF] [PrintJobsManager] 📄 Job Created: 2b473317-afb9-4647-8da5-214c956a6db6 | 'Invoice_1.pdf' → 'AnyDesk Printer' x1
2025-12-30 03:41:47.122 [INF] [Lifecycle] Job 2b473317-afb9-4647-8da5-214c956a6db6: "JobCreated" → "FileValidated" | File size: 48KB
2025-12-30 03:41:47.122 [INF] [Lifecycle] Job 2b473317-afb9-4647-8da5-214c956a6db6: "FileValidated" → "FilePrepared" | Submitted to print queue
2025-12-30 03:41:47.122 [DBG] [Lifecycle] Job d44438a6-38df-43c6-b223-15104259a52f created for 'EPSON Universal Print Driver' - 'Invoice_1.pdf'
2025-12-30 03:41:47.122 [INF] [PrintJobsManager] 📄 Job Created: d44438a6-38df-43c6-b223-15104259a52f | 'Invoice_1.pdf' → 'EPSON Universal Print Driver' x1
2025-12-30 03:41:47.122 [INF] [Lifecycle] Job d44438a6-38df-43c6-b223-15104259a52f: "JobCreated" → "FileValidated" | File size: 48KB
2025-12-30 03:41:47.122 [INF] [Lifecycle] Job d44438a6-38df-43c6-b223-15104259a52f: "FileValidated" → "FilePrepared" | Submitted to print queue
2025-12-30 03:41:47.122 [DBG] [Lifecycle] Job bf79543b-1721-4bd8-b176-2698f676eb3f created for 'EPSON WF-C5210 Series' - 'Invoice_1.pdf'
2025-12-30 03:41:47.122 [INF] [PrintJobsManager] 📄 Job Created: bf79543b-1721-4bd8-b176-2698f676eb3f | 'Invoice_1.pdf' → 'EPSON WF-C5210 Series' x1
2025-12-30 03:41:47.122 [INF] [Lifecycle] Job bf79543b-1721-4bd8-b176-2698f676eb3f: "JobCreated" → "FileValidated" | File size: 48KB
2025-12-30 03:41:47.122 [INF] [Lifecycle] Job bf79543b-1721-4bd8-b176-2698f676eb3f: "FileValidated" → "FilePrepared" | Submitted to print queue
2025-12-30 03:41:47.122 [DBG] [Lifecycle] Job 8dd02f2f-0153-4c83-accc-bdc0630d5c1d created for 'Foxit PDF Editor Printer' - 'Invoice_1.pdf'
2025-12-30 03:41:47.122 [INF] [PrintJobsManager] 📄 Job Created: 8dd02f2f-0153-4c83-accc-bdc0630d5c1d | 'Invoice_1.pdf' → 'Foxit PDF Editor Printer' x1
2025-12-30 03:41:47.122 [INF] [Lifecycle] Job 8dd02f2f-0153-4c83-accc-bdc0630d5c1d: "JobCreated" → "FileValidated" | File size: 48KB
2025-12-30 03:41:47.122 [INF] [Lifecycle] Job 8dd02f2f-0153-4c83-accc-bdc0630d5c1d: "FileValidated" → "FilePrepared" | Submitted to print queue
2025-12-30 03:41:47.122 [DBG] [Lifecycle] Job 506a0563-642c-4a2a-9751-aaf55afee8ed created for 'Microsoft Print to PDF' - 'Invoice_1.pdf'
2025-12-30 03:41:47.122 [INF] [PrintJobsManager] 📄 Job Created: 506a0563-642c-4a2a-9751-aaf55afee8ed | 'Invoice_1.pdf' → 'Microsoft Print to PDF' x1
2025-12-30 03:41:47.122 [INF] [Lifecycle] Job 506a0563-642c-4a2a-9751-aaf55afee8ed: "JobCreated" → "FileValidated" | File size: 48KB
2025-12-30 03:41:47.122 [INF] [Lifecycle] Job 506a0563-642c-4a2a-9751-aaf55afee8ed: "FileValidated" → "FilePrepared" | Submitted to print queue
2025-12-30 03:41:47.123 [DBG] [Lifecycle] Job d73ad65f-4fa4-4916-a096-006bb31b37cc created for 'OneNote (Desktop)' - 'Invoice_1.pdf'
2025-12-30 03:41:47.123 [INF] [PrintJobsManager] 📄 Job Created: d73ad65f-4fa4-4916-a096-006bb31b37cc | 'Invoice_1.pdf' → 'OneNote (Desktop)' x1
2025-12-30 03:41:47.123 [INF] [Lifecycle] Job d73ad65f-4fa4-4916-a096-006bb31b37cc: "JobCreated" → "FileValidated" | File size: 48KB
2025-12-30 03:41:47.123 [INF] [Lifecycle] Job d73ad65f-4fa4-4916-a096-006bb31b37cc: "FileValidated" → "FilePrepared" | Submitted to print queue
2025-12-30 03:41:47.123 [DBG] [Lifecycle] Job dabeb41e-c8b0-44ab-bffb-545d8093c678 created for 'OneNote (Desktop) - Protected' - 'Invoice_1.pdf'
2025-12-30 03:41:47.123 [INF] [PrintJobsManager] 📄 Job Created: dabeb41e-c8b0-44ab-bffb-545d8093c678 | 'Invoice_1.pdf' → 'OneNote (Desktop) - Protected' x1
2025-12-30 03:41:47.123 [INF] [Lifecycle] Job dabeb41e-c8b0-44ab-bffb-545d8093c678: "JobCreated" → "FileValidated" | File size: 48KB
2025-12-30 03:41:47.123 [INF] [Lifecycle] Job dabeb41e-c8b0-44ab-bffb-545d8093c678: "FileValidated" → "FilePrepared" | Submitted to print queue
2025-12-30 03:41:47.123 [DBG] [Lifecycle] Job 73f4a5f9-550c-4d0d-ad4f-01f821f0e202 created for 'PDF-XChange Standard' - 'Invoice_1.pdf'
2025-12-30 03:41:47.123 [INF] [PrintJobsManager] 📄 Job Created: 73f4a5f9-550c-4d0d-ad4f-01f821f0e202 | 'Invoice_1.pdf' → 'PDF-XChange Standard' x1
2025-12-30 03:41:47.123 [INF] [Lifecycle] Job 73f4a5f9-550c-4d0d-ad4f-01f821f0e202: "JobCreated" → "FileValidated" | File size: 48KB
2025-12-30 03:41:47.123 [INF] [Lifecycle] Job 73f4a5f9-550c-4d0d-ad4f-01f821f0e202: "FileValidated" → "FilePrepared" | Submitted to print queue
2025-12-30 03:41:47.123 [DBG] [Lifecycle] Job dbc7dbbf-8cd8-4571-bc73-fad4087b45a8 created for 'Print to Evernote' - 'Invoice_1.pdf'
2025-12-30 03:41:47.123 [INF] [PrintJobsManager] 📄 Job Created: dbc7dbbf-8cd8-4571-bc73-fad4087b45a8 | 'Invoice_1.pdf' → 'Print to Evernote' x1
2025-12-30 03:41:47.123 [INF] [Lifecycle] Job dbc7dbbf-8cd8-4571-bc73-fad4087b45a8: "JobCreated" → "FileValidated" | File size: 48KB
2025-12-30 03:41:47.123 [INF] [Lifecycle] Job dbc7dbbf-8cd8-4571-bc73-fad4087b45a8: "FileValidated" → "FilePrepared" | Submitted to print queue
2025-12-30 03:41:47.286 [DBG] [Lifecycle] Job 2b88477f-4cc7-40da-bda8-b6b48a42a55e created for 'Adobe PDF' - 'Invoice_1.pdf'
2025-12-30 03:41:47.286 [INF] [PrintJobsManager] 📄 Job Created: 2b88477f-4cc7-40da-bda8-b6b48a42a55e | 'Invoice_1.pdf' → 'Adobe PDF' x1
2025-12-30 03:41:47.286 [INF] [Lifecycle] Job 2b88477f-4cc7-40da-bda8-b6b48a42a55e: "JobCreated" → "FileValidated" | File size: 48KB
2025-12-30 03:41:47.286 [INF] [Lifecycle] Job 2b88477f-4cc7-40da-bda8-b6b48a42a55e: "FileValidated" → "FilePrepared" | Submitted to print queue
2025-12-30 03:41:47.286 [DBG] [Lifecycle] Job 6908edf4-be76-4f5d-b645-1653bda60dba created for 'AnyDesk Printer' - 'Invoice_1.pdf'
2025-12-30 03:41:47.286 [INF] [PrintJobsManager] 📄 Job Created: 6908edf4-be76-4f5d-b645-1653bda60dba | 'Invoice_1.pdf' → 'AnyDesk Printer' x1
2025-12-30 03:41:47.286 [INF] [Lifecycle] Job 6908edf4-be76-4f5d-b645-1653bda60dba: "JobCreated" → "FileValidated" | File size: 48KB
2025-12-30 03:41:47.286 [INF] [Lifecycle] Job 6908edf4-be76-4f5d-b645-1653bda60dba: "FileValidated" → "FilePrepared" | Submitted to print queue
2025-12-30 03:41:47.287 [DBG] [Lifecycle] Job c0a3b8d4-5d18-4124-961a-94d851bf499b created for 'EPSON Universal Print Driver' - 'Invoice_1.pdf'
2025-12-30 03:41:47.287 [INF] [PrintJobsManager] 📄 Job Created: c0a3b8d4-5d18-4124-961a-94d851bf499b | 'Invoice_1.pdf' → 'EPSON Universal Print Driver' x1
2025-12-30 03:41:47.287 [INF] [Lifecycle] Job c0a3b8d4-5d18-4124-961a-94d851bf499b: "JobCreated" → "FileValidated" | File size: 48KB
2025-12-30 03:41:47.287 [INF] [Lifecycle] Job c0a3b8d4-5d18-4124-961a-94d851bf499b: "FileValidated" → "FilePrepared" | Submitted to print queue
2025-12-30 03:41:47.287 [DBG] [Lifecycle] Job be0b4842-d24c-46b9-bba4-b6c014e4ed24 created for 'EPSON WF-C5210 Series' - 'Invoice_1.pdf'
2025-12-30 03:41:47.287 [INF] [PrintJobsManager] 📄 Job Created: be0b4842-d24c-46b9-bba4-b6c014e4ed24 | 'Invoice_1.pdf' → 'EPSON WF-C5210 Series' x1
2025-12-30 03:41:47.287 [INF] [Lifecycle] Job be0b4842-d24c-46b9-bba4-b6c014e4ed24: "JobCreated" → "FileValidated" | File size: 48KB
2025-12-30 03:41:47.287 [INF] [Lifecycle] Job be0b4842-d24c-46b9-bba4-b6c014e4ed24: "FileValidated" → "FilePrepared" | Submitted to print queue
2025-12-30 03:41:47.287 [DBG] [Lifecycle] Job bfc9a417-32a5-48b9-a00d-c60d18c2f3c3 created for 'Foxit PDF Editor Printer' - 'Invoice_1.pdf'
2025-12-30 03:41:47.287 [INF] [PrintJobsManager] 📄 Job Created: bfc9a417-32a5-48b9-a00d-c60d18c2f3c3 | 'Invoice_1.pdf' → 'Foxit PDF Editor Printer' x1
2025-12-30 03:41:47.287 [INF] [Lifecycle] Job bfc9a417-32a5-48b9-a00d-c60d18c2f3c3: "JobCreated" → "FileValidated" | File size: 48KB
2025-12-30 03:41:47.287 [INF] [Lifecycle] Job bfc9a417-32a5-48b9-a00d-c60d18c2f3c3: "FileValidated" → "FilePrepared" | Submitted to print queue
2025-12-30 03:41:47.288 [DBG] [Lifecycle] Job 85bfcdec-6ed6-4199-8561-a7a7c6eddf79 created for 'Microsoft Print to PDF' - 'Invoice_1.pdf'
2025-12-30 03:41:47.288 [INF] [PrintJobsManager] 📄 Job Created: 85bfcdec-6ed6-4199-8561-a7a7c6eddf79 | 'Invoice_1.pdf' → 'Microsoft Print to PDF' x1
2025-12-30 03:41:47.288 [INF] [Lifecycle] Job 85bfcdec-6ed6-4199-8561-a7a7c6eddf79: "JobCreated" → "FileValidated" | File size: 48KB
2025-12-30 03:41:47.288 [INF] [Lifecycle] Job 85bfcdec-6ed6-4199-8561-a7a7c6eddf79: "FileValidated" → "FilePrepared" | Submitted to print queue
2025-12-30 03:41:47.288 [DBG] [Lifecycle] Job 50f405f8-0d7d-4f6c-8713-41f0a8337d0e created for 'OneNote (Desktop)' - 'Invoice_1.pdf'
2025-12-30 03:41:47.288 [INF] [PrintJobsManager] 📄 Job Created: 50f405f8-0d7d-4f6c-8713-41f0a8337d0e | 'Invoice_1.pdf' → 'OneNote (Desktop)' x1
2025-12-30 03:41:47.288 [INF] [Lifecycle] Job 50f405f8-0d7d-4f6c-8713-41f0a8337d0e: "JobCreated" → "FileValidated" | File size: 48KB
2025-12-30 03:41:47.288 [INF] [Lifecycle] Job 50f405f8-0d7d-4f6c-8713-41f0a8337d0e: "FileValidated" → "FilePrepared" | Submitted to print queue
2025-12-30 03:41:47.288 [DBG] [Lifecycle] Job 489826cc-2958-4306-943e-63cf9d3a2264 created for 'OneNote (Desktop) - Protected' - 'Invoice_1.pdf'
2025-12-30 03:41:47.288 [INF] [PrintJobsManager] 📄 Job Created: 489826cc-2958-4306-943e-63cf9d3a2264 | 'Invoice_1.pdf' → 'OneNote (Desktop) - Protected' x1
2025-12-30 03:41:47.288 [INF] [Lifecycle] Job 489826cc-2958-4306-943e-63cf9d3a2264: "JobCreated" → "FileValidated" | File size: 48KB
2025-12-30 03:41:47.288 [INF] [Lifecycle] Job 489826cc-2958-4306-943e-63cf9d3a2264: "FileValidated" → "FilePrepared" | Submitted to print queue
2025-12-30 03:41:47.288 [DBG] [Lifecycle] Job 574c210b-5fd0-400d-bb4a-28b7d8d68d89 created for 'PDF-XChange Standard' - 'Invoice_1.pdf'
2025-12-30 03:41:47.289 [INF] [PrintJobsManager] 📄 Job Created: 574c210b-5fd0-400d-bb4a-28b7d8d68d89 | 'Invoice_1.pdf' → 'PDF-XChange Standard' x1
2025-12-30 03:41:47.289 [INF] [Lifecycle] Job 574c210b-5fd0-400d-bb4a-28b7d8d68d89: "JobCreated" → "FileValidated" | File size: 48KB
2025-12-30 03:41:47.289 [INF] [Lifecycle] Job 574c210b-5fd0-400d-bb4a-28b7d8d68d89: "FileValidated" → "FilePrepared" | Submitted to print queue
2025-12-30 03:41:47.289 [DBG] [Lifecycle] Job b30c5ac8-b2a6-4eb3-b85d-e35d4ed345aa created for 'Print to Evernote' - 'Invoice_1.pdf'
2025-12-30 03:41:47.289 [INF] [PrintJobsManager] 📄 Job Created: b30c5ac8-b2a6-4eb3-b85d-e35d4ed345aa | 'Invoice_1.pdf' → 'Print to Evernote' x1
2025-12-30 03:41:47.289 [INF] [Lifecycle] Job b30c5ac8-b2a6-4eb3-b85d-e35d4ed345aa: "JobCreated" → "FileValidated" | File size: 48KB
2025-12-30 03:41:47.289 [INF] [Lifecycle] Job b30c5ac8-b2a6-4eb3-b85d-e35d4ed345aa: "FileValidated" → "FilePrepared" | Submitted to print queue
2025-12-30 03:41:47.509 [DBG] [Lifecycle] Job 2d792067-c82f-4989-851e-e3f0eaddda03 created for 'Adobe PDF' - 'Invoice_1.pdf'
2025-12-30 03:41:47.509 [INF] [PrintJobsManager] 📄 Job Created: 2d792067-c82f-4989-851e-e3f0eaddda03 | 'Invoice_1.pdf' → 'Adobe PDF' x1
2025-12-30 03:41:47.510 [INF] [Lifecycle] Job 2d792067-c82f-4989-851e-e3f0eaddda03: "JobCreated" → "FileValidated" | File size: 48KB
2025-12-30 03:41:47.510 [INF] [Lifecycle] Job 2d792067-c82f-4989-851e-e3f0eaddda03: "FileValidated" → "FilePrepared" | Submitted to print queue
2025-12-30 03:41:47.510 [DBG] [Lifecycle] Job c97066ac-518b-446f-81be-28399e9c4e46 created for 'AnyDesk Printer' - 'Invoice_1.pdf'
2025-12-30 03:41:47.510 [INF] [PrintJobsManager] 📄 Job Created: c97066ac-518b-446f-81be-28399e9c4e46 | 'Invoice_1.pdf' → 'AnyDesk Printer' x1
2025-12-30 03:41:47.510 [INF] [Lifecycle] Job c97066ac-518b-446f-81be-28399e9c4e46: "JobCreated" → "FileValidated" | File size: 48KB
2025-12-30 03:41:47.510 [INF] [Lifecycle] Job c97066ac-518b-446f-81be-28399e9c4e46: "FileValidated" → "FilePrepared" | Submitted to print queue
2025-12-30 03:41:47.510 [DBG] [Lifecycle] Job d99b45c6-08ac-40b6-8673-187bcb78c057 created for 'EPSON Universal Print Driver' - 'Invoice_1.pdf'
2025-12-30 03:41:47.510 [INF] [PrintJobsManager] 📄 Job Created: d99b45c6-08ac-40b6-8673-187bcb78c057 | 'Invoice_1.pdf' → 'EPSON Universal Print Driver' x1
2025-12-30 03:41:47.510 [INF] [Lifecycle] Job d99b45c6-08ac-40b6-8673-187bcb78c057: "JobCreated" → "FileValidated" | File size: 48KB
2025-12-30 03:41:47.510 [INF] [Lifecycle] Job d99b45c6-08ac-40b6-8673-187bcb78c057: "FileValidated" → "FilePrepared" | Submitted to print queue
2025-12-30 03:41:47.510 [DBG] [Lifecycle] Job bd59dbf9-da19-4fee-9df1-dae73c68f1c3 created for 'EPSON WF-C5210 Series' - 'Invoice_1.pdf'
2025-12-30 03:41:47.510 [INF] [PrintJobsManager] 📄 Job Created: bd59dbf9-da19-4fee-9df1-dae73c68f1c3 | 'Invoice_1.pdf' → 'EPSON WF-C5210 Series' x1
2025-12-30 03:41:47.511 [INF] [Lifecycle] Job bd59dbf9-da19-4fee-9df1-dae73c68f1c3: "JobCreated" → "FileValidated" | File size: 48KB
2025-12-30 03:41:47.511 [INF] [Lifecycle] Job bd59dbf9-da19-4fee-9df1-dae73c68f1c3: "FileValidated" → "FilePrepared" | Submitted to print queue
2025-12-30 03:41:47.511 [DBG] [Lifecycle] Job b547905f-c610-4a91-8b9b-954107bb5719 created for 'Foxit PDF Editor Printer' - 'Invoice_1.pdf'
2025-12-30 03:41:47.511 [INF] [PrintJobsManager] 📄 Job Created: b547905f-c610-4a91-8b9b-954107bb5719 | 'Invoice_1.pdf' → 'Foxit PDF Editor Printer' x1
2025-12-30 03:41:47.511 [INF] [Lifecycle] Job b547905f-c610-4a91-8b9b-954107bb5719: "JobCreated" → "FileValidated" | File size: 48KB
2025-12-30 03:41:47.511 [INF] [Lifecycle] Job b547905f-c610-4a91-8b9b-954107bb5719: "FileValidated" → "FilePrepared" | Submitted to print queue
2025-12-30 03:41:47.511 [DBG] [Lifecycle] Job 77bb2a96-75a0-4201-ab99-2b096afcb1da created for 'Microsoft Print to PDF' - 'Invoice_1.pdf'
2025-12-30 03:41:47.511 [INF] [PrintJobsManager] 📄 Job Created: 77bb2a96-75a0-4201-ab99-2b096afcb1da | 'Invoice_1.pdf' → 'Microsoft Print to PDF' x1
2025-12-30 03:41:47.511 [INF] [Lifecycle] Job 77bb2a96-75a0-4201-ab99-2b096afcb1da: "JobCreated" → "FileValidated" | File size: 48KB
2025-12-30 03:41:47.511 [INF] [Lifecycle] Job 77bb2a96-75a0-4201-ab99-2b096afcb1da: "FileValidated" → "FilePrepared" | Submitted to print queue
2025-12-30 03:41:47.511 [DBG] [Lifecycle] Job bc7f1185-cd1d-4caf-be17-f433d2dce7ac created for 'OneNote (Desktop)' - 'Invoice_1.pdf'
2025-12-30 03:41:47.511 [INF] [PrintJobsManager] 📄 Job Created: bc7f1185-cd1d-4caf-be17-f433d2dce7ac | 'Invoice_1.pdf' → 'OneNote (Desktop)' x1
2025-12-30 03:41:47.512 [INF] [Lifecycle] Job bc7f1185-cd1d-4caf-be17-f433d2dce7ac: "JobCreated" → "FileValidated" | File size: 48KB
2025-12-30 03:41:47.512 [INF] [Lifecycle] Job bc7f1185-cd1d-4caf-be17-f433d2dce7ac: "FileValidated" → "FilePrepared" | Submitted to print queue
2025-12-30 03:41:47.512 [DBG] [Lifecycle] Job 45690cee-291d-43bf-bf36-1b259433410d created for 'OneNote (Desktop) - Protected' - 'Invoice_1.pdf'
2025-12-30 03:41:47.512 [INF] [PrintJobsManager] 📄 Job Created: 45690cee-291d-43bf-bf36-1b259433410d | 'Invoice_1.pdf' → 'OneNote (Desktop) - Protected' x1
2025-12-30 03:41:47.512 [INF] [Lifecycle] Job 45690cee-291d-43bf-bf36-1b259433410d: "JobCreated" → "FileValidated" | File size: 48KB
2025-12-30 03:41:47.512 [INF] [Lifecycle] Job 45690cee-291d-43bf-bf36-1b259433410d: "FileValidated" → "FilePrepared" | Submitted to print queue
2025-12-30 03:41:47.512 [DBG] [Lifecycle] Job 145f4126-6e46-4cc5-92d9-83ddb9220230 created for 'PDF-XChange Standard' - 'Invoice_1.pdf'
2025-12-30 03:41:47.512 [INF] [PrintJobsManager] 📄 Job Created: 145f4126-6e46-4cc5-92d9-83ddb9220230 | 'Invoice_1.pdf' → 'PDF-XChange Standard' x1
2025-12-30 03:41:47.512 [INF] [Lifecycle] Job 145f4126-6e46-4cc5-92d9-83ddb9220230: "JobCreated" → "FileValidated" | File size: 48KB
2025-12-30 03:41:47.512 [INF] [Lifecycle] Job 145f4126-6e46-4cc5-92d9-83ddb9220230: "FileValidated" → "FilePrepared" | Submitted to print queue
2025-12-30 03:41:47.512 [DBG] [Lifecycle] Job d0bc9eee-b6cd-4048-8e63-96e0b061e40e created for 'Print to Evernote' - 'Invoice_1.pdf'
2025-12-30 03:41:47.512 [INF] [PrintJobsManager] 📄 Job Created: d0bc9eee-b6cd-4048-8e63-96e0b061e40e | 'Invoice_1.pdf' → 'Print to Evernote' x1
2025-12-30 03:41:47.512 [INF] [Lifecycle] Job d0bc9eee-b6cd-4048-8e63-96e0b061e40e: "JobCreated" → "FileValidated" | File size: 48KB
2025-12-30 03:41:47.512 [INF] [Lifecycle] Job d0bc9eee-b6cd-4048-8e63-96e0b061e40e: "FileValidated" → "FilePrepared" | Submitted to print queue
2025-12-30 03:41:47.909 [DBG] [Lifecycle] Job 151962ee-1221-4e9a-a850-b30e401cb52d created for 'Adobe PDF' - 'Invoice_1.pdf'
2025-12-30 03:41:47.909 [INF] [PrintJobsManager] 📄 Job Created: 151962ee-1221-4e9a-a850-b30e401cb52d | 'Invoice_1.pdf' → 'Adobe PDF' x1
2025-12-30 03:41:47.909 [INF] [Lifecycle] Job 151962ee-1221-4e9a-a850-b30e401cb52d: "JobCreated" → "FileValidated" | File size: 48KB
2025-12-30 03:41:47.909 [INF] [Lifecycle] Job 151962ee-1221-4e9a-a850-b30e401cb52d: "FileValidated" → "FilePrepared" | Submitted to print queue
2025-12-30 03:41:47.909 [DBG] [Lifecycle] Job 70a9e5af-95e9-45b6-9fd4-3c9f15adbce9 created for 'AnyDesk Printer' - 'Invoice_1.pdf'
2025-12-30 03:41:47.909 [INF] [PrintJobsManager] 📄 Job Created: 70a9e5af-95e9-45b6-9fd4-3c9f15adbce9 | 'Invoice_1.pdf' → 'AnyDesk Printer' x1
2025-12-30 03:41:47.909 [INF] [Lifecycle] Job 70a9e5af-95e9-45b6-9fd4-3c9f15adbce9: "JobCreated" → "FileValidated" | File size: 48KB
2025-12-30 03:41:47.909 [INF] [Lifecycle] Job 70a9e5af-95e9-45b6-9fd4-3c9f15adbce9: "FileValidated" → "FilePrepared" | Submitted to print queue
2025-12-30 03:41:47.909 [DBG] [Lifecycle] Job acf94130-6065-40f6-b9b4-1a3030e3af98 created for 'EPSON Universal Print Driver' - 'Invoice_1.pdf'
2025-12-30 03:41:47.909 [INF] [PrintJobsManager] 📄 Job Created: acf94130-6065-40f6-b9b4-1a3030e3af98 | 'Invoice_1.pdf' → 'EPSON Universal Print Driver' x1
2025-12-30 03:41:47.910 [INF] [Lifecycle] Job acf94130-6065-40f6-b9b4-1a3030e3af98: "JobCreated" → "FileValidated" | File size: 48KB
2025-12-30 03:41:47.910 [INF] [Lifecycle] Job acf94130-6065-40f6-b9b4-1a3030e3af98: "FileValidated" → "FilePrepared" | Submitted to print queue
2025-12-30 03:41:47.910 [DBG] [Lifecycle] Job 8ac083d2-0b6a-40a8-9ad1-3356cf4ae99c created for 'EPSON WF-C5210 Series' - 'Invoice_1.pdf'
2025-12-30 03:41:47.910 [INF] [PrintJobsManager] 📄 Job Created: 8ac083d2-0b6a-40a8-9ad1-3356cf4ae99c | 'Invoice_1.pdf' → 'EPSON WF-C5210 Series' x1
2025-12-30 03:41:47.910 [INF] [Lifecycle] Job 8ac083d2-0b6a-40a8-9ad1-3356cf4ae99c: "JobCreated" → "FileValidated" | File size: 48KB
2025-12-30 03:41:47.910 [INF] [Lifecycle] Job 8ac083d2-0b6a-40a8-9ad1-3356cf4ae99c: "FileValidated" → "FilePrepared" | Submitted to print queue
2025-12-30 03:41:47.910 [DBG] [Lifecycle] Job 49b86004-0723-444c-93a2-37d6a9c180af created for 'Foxit PDF Editor Printer' - 'Invoice_1.pdf'
2025-12-30 03:41:47.910 [INF] [PrintJobsManager] 📄 Job Created: 49b86004-0723-444c-93a2-37d6a9c180af | 'Invoice_1.pdf' → 'Foxit PDF Editor Printer' x1
2025-12-30 03:41:47.910 [INF] [Lifecycle] Job 49b86004-0723-444c-93a2-37d6a9c180af: "JobCreated" → "FileValidated" | File size: 48KB
2025-12-30 03:41:47.910 [INF] [Lifecycle] Job 49b86004-0723-444c-93a2-37d6a9c180af: "FileValidated" → "FilePrepared" | Submitted to print queue
2025-12-30 03:41:47.910 [DBG] [Lifecycle] Job 40810821-1bf2-4279-88a0-bc3eae242ac9 created for 'Microsoft Print to PDF' - 'Invoice_1.pdf'
2025-12-30 03:41:47.910 [INF] [PrintJobsManager] 📄 Job Created: 40810821-1bf2-4279-88a0-bc3eae242ac9 | 'Invoice_1.pdf' → 'Microsoft Print to PDF' x1
2025-12-30 03:41:47.910 [INF] [Lifecycle] Job 40810821-1bf2-4279-88a0-bc3eae242ac9: "JobCreated" → "FileValidated" | File size: 48KB
2025-12-30 03:41:47.910 [INF] [Lifecycle] Job 40810821-1bf2-4279-88a0-bc3eae242ac9: "FileValidated" → "FilePrepared" | Submitted to print queue
2025-12-30 03:41:47.910 [DBG] [Lifecycle] Job 8c00b2d7-8eba-4831-b750-01f5969b16ea created for 'OneNote (Desktop)' - 'Invoice_1.pdf'
2025-12-30 03:41:47.910 [INF] [PrintJobsManager] 📄 Job Created: 8c00b2d7-8eba-4831-b750-01f5969b16ea | 'Invoice_1.pdf' → 'OneNote (Desktop)' x1
2025-12-30 03:41:47.910 [INF] [Lifecycle] Job 8c00b2d7-8eba-4831-b750-01f5969b16ea: "JobCreated" → "FileValidated" | File size: 48KB
2025-12-30 03:41:47.910 [INF] [Lifecycle] Job 8c00b2d7-8eba-4831-b750-01f5969b16ea: "FileValidated" → "FilePrepared" | Submitted to print queue
2025-12-30 03:41:47.910 [DBG] [Lifecycle] Job d2bd7fd8-2d31-4105-bcbb-1fdc5552724f created for 'OneNote (Desktop) - Protected' - 'Invoice_1.pdf'
2025-12-30 03:41:47.910 [INF] [PrintJobsManager] 📄 Job Created: d2bd7fd8-2d31-4105-bcbb-1fdc5552724f | 'Invoice_1.pdf' → 'OneNote (Desktop) - Protected' x1
2025-12-30 03:41:47.910 [INF] [Lifecycle] Job d2bd7fd8-2d31-4105-bcbb-1fdc5552724f: "JobCreated" → "FileValidated" | File size: 48KB
2025-12-30 03:41:47.911 [INF] [Lifecycle] Job d2bd7fd8-2d31-4105-bcbb-1fdc5552724f: "FileValidated" → "FilePrepared" | Submitted to print queue
2025-12-30 03:41:47.911 [DBG] [Lifecycle] Job 129945b5-4fae-4d86-93c4-b9fe9d698a39 created for 'PDF-XChange Standard' - 'Invoice_1.pdf'
2025-12-30 03:41:47.911 [INF] [PrintJobsManager] 📄 Job Created: 129945b5-4fae-4d86-93c4-b9fe9d698a39 | 'Invoice_1.pdf' → 'PDF-XChange Standard' x1
2025-12-30 03:41:47.911 [INF] [Lifecycle] Job 129945b5-4fae-4d86-93c4-b9fe9d698a39: "JobCreated" → "FileValidated" | File size: 48KB
2025-12-30 03:41:47.911 [INF] [Lifecycle] Job 129945b5-4fae-4d86-93c4-b9fe9d698a39: "FileValidated" → "FilePrepared" | Submitted to print queue
2025-12-30 03:41:47.911 [DBG] [Lifecycle] Job b06cbc8c-ce05-45ea-a7e8-15e15e740103 created for 'Print to Evernote' - 'Invoice_1.pdf'
2025-12-30 03:41:47.911 [INF] [PrintJobsManager] 📄 Job Created: b06cbc8c-ce05-45ea-a7e8-15e15e740103 | 'Invoice_1.pdf' → 'Print to Evernote' x1
2025-12-30 03:41:47.911 [INF] [Lifecycle] Job b06cbc8c-ce05-45ea-a7e8-15e15e740103: "JobCreated" → "FileValidated" | File size: 48KB
2025-12-30 03:41:47.911 [INF] [Lifecycle] Job b06cbc8c-ce05-45ea-a7e8-15e15e740103: "FileValidated" → "FilePrepared" | Submitted to print queue
2025-12-30 03:56:39.507 [INF] === Apex Printing System Logger Initialized ===
2025-12-30 03:56:39.572 [INF] [PrintJobsManager] Initialized - All print jobs will be tracked
2025-12-30 03:56:39.577 [DBG] [Lifecycle] Job 2511b71f-eecd-4ae8-9c3b-4c5a96d60653 created for 'Adobe PDF' - 'Invoice_1.pdf'
2025-12-30 03:56:39.582 [INF] [PrintJobsManager] 📄 Job Created: 2511b71f-eecd-4ae8-9c3b-4c5a96d60653 | 'Invoice_1.pdf' → 'Adobe PDF' x1
2025-12-30 03:56:39.587 [INF] [Lifecycle] Job 2511b71f-eecd-4ae8-9c3b-4c5a96d60653: "JobCreated" → "FileValidated" | File size: 48KB
2025-12-30 03:56:39.592 [INF] [Lifecycle] Job 2511b71f-eecd-4ae8-9c3b-4c5a96d60653: "FileValidated" → "FilePrepared" | Submitted to print queue
2025-12-30 03:56:39.598 [DBG] [Lifecycle] Job ddc56412-bba0-46ce-9112-e2cb1ee37d43 created for 'AnyDesk Printer' - 'Invoice_1.pdf'
2025-12-30 03:56:39.598 [INF] [PrintJobsManager] 📄 Job Created: ddc56412-bba0-46ce-9112-e2cb1ee37d43 | 'Invoice_1.pdf' → 'AnyDesk Printer' x1
2025-12-30 03:56:39.598 [INF] [Lifecycle] Job ddc56412-bba0-46ce-9112-e2cb1ee37d43: "JobCreated" → "FileValidated" | File size: 48KB
2025-12-30 03:56:39.598 [INF] [Lifecycle] Job ddc56412-bba0-46ce-9112-e2cb1ee37d43: "FileValidated" → "FilePrepared" | Submitted to print queue
2025-12-30 03:56:39.598 [DBG] [Lifecycle] Job 86fe202c-27cf-4a32-8ecf-816cdee6634d created for 'EPSON Universal Print Driver' - 'Invoice_1.pdf'
2025-12-30 03:56:39.598 [INF] [PrintJobsManager] 📄 Job Created: 86fe202c-27cf-4a32-8ecf-816cdee6634d | 'Invoice_1.pdf' → 'EPSON Universal Print Driver' x1
2025-12-30 03:56:39.598 [INF] [Lifecycle] Job 86fe202c-27cf-4a32-8ecf-816cdee6634d: "JobCreated" → "FileValidated" | File size: 48KB
2025-12-30 03:56:39.598 [INF] [Lifecycle] Job 86fe202c-27cf-4a32-8ecf-816cdee6634d: "FileValidated" → "FilePrepared" | Submitted to print queue
2025-12-30 03:56:39.598 [DBG] [Lifecycle] Job 945dbe6a-8f85-4fd5-b8ca-3f66ed402986 created for 'EPSON WF-C5210 Series' - 'Invoice_1.pdf'
2025-12-30 03:56:39.599 [INF] [PrintJobsManager] 📄 Job Created: 945dbe6a-8f85-4fd5-b8ca-3f66ed402986 | 'Invoice_1.pdf' → 'EPSON WF-C5210 Series' x1
2025-12-30 03:56:39.599 [INF] [Lifecycle] Job 945dbe6a-8f85-4fd5-b8ca-3f66ed402986: "JobCreated" → "FileValidated" | File size: 48KB
2025-12-30 03:56:39.599 [INF] [Lifecycle] Job 945dbe6a-8f85-4fd5-b8ca-3f66ed402986: "FileValidated" → "FilePrepared" | Submitted to print queue
2025-12-30 03:56:39.599 [DBG] [Lifecycle] Job e5768c54-78c9-4a70-93a1-9a4cfe649032 created for 'Foxit PDF Editor Printer' - 'Invoice_1.pdf'
2025-12-30 03:56:39.599 [INF] [PrintJobsManager] 📄 Job Created: e5768c54-78c9-4a70-93a1-9a4cfe649032 | 'Invoice_1.pdf' → 'Foxit PDF Editor Printer' x1
2025-12-30 03:56:39.599 [INF] [Lifecycle] Job e5768c54-78c9-4a70-93a1-9a4cfe649032: "JobCreated" → "FileValidated" | File size: 48KB
2025-12-30 03:56:39.599 [INF] [Lifecycle] Job e5768c54-78c9-4a70-93a1-9a4cfe649032: "FileValidated" → "FilePrepared" | Submitted to print queue
2025-12-30 03:56:39.599 [DBG] [Lifecycle] Job 97e8b766-573a-4ff9-abbf-47264dbf7b92 created for 'Microsoft Print to PDF' - 'Invoice_1.pdf'
2025-12-30 03:56:39.599 [INF] [PrintJobsManager] 📄 Job Created: 97e8b766-573a-4ff9-abbf-47264dbf7b92 | 'Invoice_1.pdf' → 'Microsoft Print to PDF' x1
2025-12-30 03:56:39.599 [INF] [Lifecycle] Job 97e8b766-573a-4ff9-abbf-47264dbf7b92: "JobCreated" → "FileValidated" | File size: 48KB
2025-12-30 03:56:39.600 [INF] [Lifecycle] Job 97e8b766-573a-4ff9-abbf-47264dbf7b92: "FileValidated" → "FilePrepared" | Submitted to print queue
2025-12-30 03:56:39.600 [DBG] [Lifecycle] Job 75e70173-bd25-461c-8e5a-da839859b7b2 created for 'OneNote (Desktop)' - 'Invoice_1.pdf'
2025-12-30 03:56:39.600 [INF] [PrintJobsManager] 📄 Job Created: 75e70173-bd25-461c-8e5a-da839859b7b2 | 'Invoice_1.pdf' → 'OneNote (Desktop)' x1
2025-12-30 03:56:39.600 [INF] [Lifecycle] Job 75e70173-bd25-461c-8e5a-da839859b7b2: "JobCreated" → "FileValidated" | File size: 48KB
2025-12-30 03:56:39.600 [INF] [Lifecycle] Job 75e70173-bd25-461c-8e5a-da839859b7b2: "FileValidated" → "FilePrepared" | Submitted to print queue
2025-12-30 03:56:39.600 [DBG] [Lifecycle] Job a93b78bb-64de-40c0-b054-d3a53f17c1da created for 'OneNote (Desktop) - Protected' - 'Invoice_1.pdf'
2025-12-30 03:56:39.600 [INF] [PrintJobsManager] 📄 Job Created: a93b78bb-64de-40c0-b054-d3a53f17c1da | 'Invoice_1.pdf' → 'OneNote (Desktop) - Protected' x1
2025-12-30 03:56:39.600 [INF] [Lifecycle] Job a93b78bb-64de-40c0-b054-d3a53f17c1da: "JobCreated" → "FileValidated" | File size: 48KB
2025-12-30 03:56:39.600 [INF] [Lifecycle] Job a93b78bb-64de-40c0-b054-d3a53f17c1da: "FileValidated" → "FilePrepared" | Submitted to print queue
2025-12-30 03:56:39.600 [DBG] [Lifecycle] Job 771d4768-29da-4bf8-88d9-057132f9f5a3 created for 'PDF-XChange Standard' - 'Invoice_1.pdf'
2025-12-30 03:56:39.601 [INF] [PrintJobsManager] 📄 Job Created: 771d4768-29da-4bf8-88d9-057132f9f5a3 | 'Invoice_1.pdf' → 'PDF-XChange Standard' x1
2025-12-30 03:56:39.601 [INF] [Lifecycle] Job 771d4768-29da-4bf8-88d9-057132f9f5a3: "JobCreated" → "FileValidated" | File size: 48KB
2025-12-30 03:56:39.601 [INF] [Lifecycle] Job 771d4768-29da-4bf8-88d9-057132f9f5a3: "FileValidated" → "FilePrepared" | Submitted to print queue
2025-12-30 03:56:39.601 [DBG] [Lifecycle] Job 881f154b-3cc0-4701-8f1b-cb447bc8f49f created for 'Print to Evernote' - 'Invoice_1.pdf'
2025-12-30 03:56:39.601 [INF] [PrintJobsManager] 📄 Job Created: 881f154b-3cc0-4701-8f1b-cb447bc8f49f | 'Invoice_1.pdf' → 'Print to Evernote' x1
2025-12-30 03:56:39.601 [INF] [Lifecycle] Job 881f154b-3cc0-4701-8f1b-cb447bc8f49f: "JobCreated" → "FileValidated" | File size: 48KB
2025-12-30 03:56:39.601 [INF] [Lifecycle] Job 881f154b-3cc0-4701-8f1b-cb447bc8f49f: "FileValidated" → "FilePrepared" | Submitted to print queue
2025-12-30 16:34:34.617 [INF] === Apex Printing System Logger Initialized ===
2025-12-30 16:34:34.678 [INF] [PrintJobsManager] Initialized - All print jobs will be tracked
2025-12-30 16:34:34.682 [DBG] [Lifecycle] Job 29d89972-2904-489d-9538-376ad5fb0a91 created for 'Adobe PDF' - 'Binder2.pdf'
2025-12-30 16:34:34.686 [INF] [PrintJobsManager] 📄 Job Created: 29d89972-2904-489d-9538-376ad5fb0a91 | 'Binder2.pdf' → 'Adobe PDF' x1
2025-12-30 16:34:34.691 [INF] [Lifecycle] Job 29d89972-2904-489d-9538-376ad5fb0a91: "JobCreated" → "FileValidated" | File size: 39KB
2025-12-30 16:34:34.696 [INF] [Lifecycle] Job 29d89972-2904-489d-9538-376ad5fb0a91: "FileValidated" → "FilePrepared" | Submitted to print queue
2025-12-30 16:34:34.702 [DBG] [Lifecycle] Job 4f867f0f-6eca-436d-bfd0-e78f315facaf created for 'AnyDesk Printer' - 'Binder2.pdf'
2025-12-30 16:34:34.702 [INF] [PrintJobsManager] 📄 Job Created: 4f867f0f-6eca-436d-bfd0-e78f315facaf | 'Binder2.pdf' → 'AnyDesk Printer' x1
2025-12-30 16:34:34.702 [INF] [Lifecycle] Job 4f867f0f-6eca-436d-bfd0-e78f315facaf: "JobCreated" → "FileValidated" | File size: 39KB
2025-12-30 16:34:34.702 [INF] [Lifecycle] Job 4f867f0f-6eca-436d-bfd0-e78f315facaf: "FileValidated" → "FilePrepared" | Submitted to print queue
2025-12-30 16:34:34.702 [DBG] [Lifecycle] Job 02eba22a-ecd3-4125-b26b-7c25ce0dcebb created for 'EPSON Universal Print Driver' - 'Binder2.pdf'
2025-12-30 16:34:34.702 [INF] [PrintJobsManager] 📄 Job Created: 02eba22a-ecd3-4125-b26b-7c25ce0dcebb | 'Binder2.pdf' → 'EPSON Universal Print Driver' x1
2025-12-30 16:34:34.703 [INF] [Lifecycle] Job 02eba22a-ecd3-4125-b26b-7c25ce0dcebb: "JobCreated" → "FileValidated" | File size: 39KB
2025-12-30 16:34:34.703 [INF] [Lifecycle] Job 02eba22a-ecd3-4125-b26b-7c25ce0dcebb: "FileValidated" → "FilePrepared" | Submitted to print queue
2025-12-30 16:34:34.703 [DBG] [Lifecycle] Job 82748b70-ffb1-4955-b02c-a7f13be6c085 created for 'EPSON WF-C5210 Series' - 'Binder2.pdf'
2025-12-30 16:34:34.703 [INF] [PrintJobsManager] 📄 Job Created: 82748b70-ffb1-4955-b02c-a7f13be6c085 | 'Binder2.pdf' → 'EPSON WF-C5210 Series' x1
2025-12-30 16:34:34.703 [INF] [Lifecycle] Job 82748b70-ffb1-4955-b02c-a7f13be6c085: "JobCreated" → "FileValidated" | File size: 39KB
2025-12-30 16:34:34.703 [INF] [Lifecycle] Job 82748b70-ffb1-4955-b02c-a7f13be6c085: "FileValidated" → "FilePrepared" | Submitted to print queue
2025-12-30 16:34:34.703 [DBG] [Lifecycle] Job a28ff97b-7720-409f-973e-d851a1c0a748 created for 'Foxit PDF Editor Printer' - 'Binder2.pdf'
2025-12-30 16:34:34.703 [INF] [PrintJobsManager] 📄 Job Created: a28ff97b-7720-409f-973e-d851a1c0a748 | 'Binder2.pdf' → 'Foxit PDF Editor Printer' x1
2025-12-30 16:34:34.703 [INF] [Lifecycle] Job a28ff97b-7720-409f-973e-d851a1c0a748: "JobCreated" → "FileValidated" | File size: 39KB
2025-12-30 16:34:34.704 [INF] [Lifecycle] Job a28ff97b-7720-409f-973e-d851a1c0a748: "FileValidated" → "FilePrepared" | Submitted to print queue
2025-12-30 16:34:34.704 [DBG] [Lifecycle] Job f300f86f-f60d-495a-b395-6046a95ee7e2 created for 'Microsoft Print to PDF' - 'Binder2.pdf'
2025-12-30 16:34:34.704 [INF] [PrintJobsManager] 📄 Job Created: f300f86f-f60d-495a-b395-6046a95ee7e2 | 'Binder2.pdf' → 'Microsoft Print to PDF' x1
2025-12-30 16:34:34.704 [INF] [Lifecycle] Job f300f86f-f60d-495a-b395-6046a95ee7e2: "JobCreated" → "FileValidated" | File size: 39KB
2025-12-30 16:34:34.704 [INF] [Lifecycle] Job f300f86f-f60d-495a-b395-6046a95ee7e2: "FileValidated" → "FilePrepared" | Submitted to print queue
2025-12-30 16:34:34.704 [DBG] [Lifecycle] Job 61ee8ebd-760c-4e8e-aefc-2571c346c194 created for 'OneNote (Desktop)' - 'Binder2.pdf'
2025-12-30 16:34:34.704 [INF] [PrintJobsManager] 📄 Job Created: 61ee8ebd-760c-4e8e-aefc-2571c346c194 | 'Binder2.pdf' → 'OneNote (Desktop)' x1
2025-12-30 16:34:34.704 [INF] [Lifecycle] Job 61ee8ebd-760c-4e8e-aefc-2571c346c194: "JobCreated" → "FileValidated" | File size: 39KB
2025-12-30 16:34:34.704 [INF] [Lifecycle] Job 61ee8ebd-760c-4e8e-aefc-2571c346c194: "FileValidated" → "FilePrepared" | Submitted to print queue
2025-12-30 16:34:34.704 [DBG] [Lifecycle] Job 4a349f72-bac7-4701-b853-4079c9db601d created for 'OneNote (Desktop) - Protected' - 'Binder2.pdf'
2025-12-30 16:34:34.704 [INF] [PrintJobsManager] 📄 Job Created: 4a349f72-bac7-4701-b853-4079c9db601d | 'Binder2.pdf' → 'OneNote (Desktop) - Protected' x1
2025-12-30 16:34:34.704 [INF] [Lifecycle] Job 4a349f72-bac7-4701-b853-4079c9db601d: "JobCreated" → "FileValidated" | File size: 39KB
2025-12-30 16:34:34.705 [INF] [Lifecycle] Job 4a349f72-bac7-4701-b853-4079c9db601d: "FileValidated" → "FilePrepared" | Submitted to print queue
2025-12-30 16:34:34.705 [DBG] [Lifecycle] Job 42541e20-0671-4d2c-a777-86bf0373b6f2 created for 'PDF-XChange Standard' - 'Binder2.pdf'
2025-12-30 16:34:34.705 [INF] [PrintJobsManager] 📄 Job Created: 42541e20-0671-4d2c-a777-86bf0373b6f2 | 'Binder2.pdf' → 'PDF-XChange Standard' x1
2025-12-30 16:34:34.705 [INF] [Lifecycle] Job 42541e20-0671-4d2c-a777-86bf0373b6f2: "JobCreated" → "FileValidated" | File size: 39KB
2025-12-30 16:34:34.705 [INF] [Lifecycle] Job 42541e20-0671-4d2c-a777-86bf0373b6f2: "FileValidated" → "FilePrepared" | Submitted to print queue
2025-12-30 16:34:34.705 [DBG] [Lifecycle] Job dd0c1af7-dd78-42b2-a8ec-91c42a15de4e created for 'Print to Evernote' - 'Binder2.pdf'
2025-12-30 16:34:34.705 [INF] [PrintJobsManager] 📄 Job Created: dd0c1af7-dd78-42b2-a8ec-91c42a15de4e | 'Binder2.pdf' → 'Print to Evernote' x1
2025-12-30 16:34:34.705 [INF] [Lifecycle] Job dd0c1af7-dd78-42b2-a8ec-91c42a15de4e: "JobCreated" → "FileValidated" | File size: 39KB
2025-12-30 16:34:34.705 [INF] [Lifecycle] Job dd0c1af7-dd78-42b2-a8ec-91c42a15de4e: "FileValidated" → "FilePrepared" | Submitted to print queue
