2025-12-25 19:19:35.483 [INF] === Apex Printing System Logger Initialized ===
2025-12-25 19:19:35.643 [INF] [PrintJobsManager] Initialized - All print jobs will be tracked
2025-12-25 19:20:47.343 [WRN] ========== NEW PRINT JOB STARTED ==========
JobId: "e4e0dff9-8e3f-4c0d-a3d6-94e77ccb48e1"
File: C:\Users\moham\OneDrive\سطح المكتب\فاتورة ابكس.pdf
Printers: EPSON WF-C5210 Series
Copies: 1
Total Jobs Submitted: 1
2025-12-25 19:20:47.355 [INF] [SmartPrintManager] Printer lock acquired for 'EPSON WF-C5210 Series'. Starting print job.
2025-12-25 19:20:48.177 [WRN] [Gateway] EPSON WF-C5210 detected - Using PdfDirectPrinter (Windows native)
2025-12-25 19:20:52.586 [INF] [SmartPrintManager] Printer lock released for 'EPSON WF-C5210 Series'
2025-12-25 19:20:52.590 [WRN] ========== PRINT JOB ENDED ==========
JobId: "e4e0dff9-8e3f-4c0d-a3d6-94e77ccb48e1"
Success: true
Duration: 5247.649ms
Total Completed: 1
Total Failed: 0
2025-12-25 19:22:43.821 [WRN] ========== NEW PRINT JOB STARTED ==========
JobId: "772e4087-b91b-475f-9bdb-b4d3950e9d54"
File: C:\Users\moham\OneDrive\سطح المكتب\فاتورة ابكس.pdf
Printers: EPSON WF-C5210 Series
Copies: 1
Total Jobs Submitted: 2
2025-12-25 19:22:43.821 [INF] [SmartPrintManager] Printer lock acquired for 'EPSON WF-C5210 Series'. Starting print job.
2025-12-25 19:22:43.821 [WRN] [Gateway] EPSON WF-C5210 detected - Using PdfDirectPrinter (Windows native)
2025-12-25 19:22:46.238 [INF] [SmartPrintManager] Printer lock released for 'EPSON WF-C5210 Series'
2025-12-25 19:22:46.238 [WRN] ========== PRINT JOB ENDED ==========
JobId: "772e4087-b91b-475f-9bdb-b4d3950e9d54"
Success: true
Duration: 2417.0624ms
Total Completed: 2
Total Failed: 0
2025-12-25 19:24:58.692 [WRN] ========== NEW PRINT JOB STARTED ==========
JobId: "602ee3ed-cd8f-4d54-9622-70821edb8d7b"
File: C:\Users\moham\AppData\Local\Temp\ApexNumber_c026237ed32d4ecabe33ed5254c709d8.pdf
Printers: EPSON WF-C5210 Series
Copies: 1
Total Jobs Submitted: 3
2025-12-25 19:24:58.692 [INF] [SmartPrintManager] Printer lock acquired for 'EPSON WF-C5210 Series'. Starting print job.
2025-12-25 19:24:58.692 [WRN] [Gateway] EPSON WF-C5210 detected - Using PdfDirectPrinter (Windows native)
2025-12-25 19:25:01.462 [INF] [SmartPrintManager] Printer lock released for 'EPSON WF-C5210 Series'
2025-12-25 19:25:01.462 [WRN] ========== PRINT JOB ENDED ==========
JobId: "602ee3ed-cd8f-4d54-9622-70821edb8d7b"
Success: true
Duration: 2770.3767ms
Total Completed: 3
Total Failed: 0
