2025-12-30 23:37:43.289 [INF] === Apex Printing System Logger Initialized ===
2025-12-30 23:37:43.349 [INF] [PrintJobsManager] Initialized - All print jobs will be tracked
2025-12-30 23:37:43.354 [DBG] [Lifecycle] Job 17c73552-dcb5-4d08-8c41-ca2483573aca created for 'Adobe PDF' - '2121حسابات.pdf'
2025-12-30 23:37:43.358 [INF] [PrintJobsManager] 📄 Job Created: 17c73552-dcb5-4d08-8c41-ca2483573aca | '2121حسابات.pdf' → 'Adobe PDF' x1
2025-12-30 23:37:43.363 [INF] [Lifecycle] Job 17c73552-dcb5-4d08-8c41-ca2483573aca: "JobCreated" → "FileValidated" | File size: 138KB
2025-12-30 23:37:43.366 [INF] [Lifecycle] Job 17c73552-dcb5-4d08-8c41-ca2483573aca: "FileValidated" → "FilePrepared" | Submitted to print queue
2025-12-30 23:37:43.373 [DBG] [Lifecycle] Job fe810097-d343-49f6-aae1-8c7c7dd8f356 created for 'AnyDesk Printer' - '2121حسابات.pdf'
2025-12-30 23:37:43.374 [INF] [PrintJobsManager] 📄 Job Created: fe810097-d343-49f6-aae1-8c7c7dd8f356 | '2121حسابات.pdf' → 'AnyDesk Printer' x1
2025-12-30 23:37:43.374 [INF] [Lifecycle] Job fe810097-d343-49f6-aae1-8c7c7dd8f356: "JobCreated" → "FileValidated" | File size: 138KB
2025-12-30 23:37:43.374 [INF] [Lifecycle] Job fe810097-d343-49f6-aae1-8c7c7dd8f356: "FileValidated" → "FilePrepared" | Submitted to print queue
2025-12-30 23:37:43.375 [DBG] [Lifecycle] Job 4c5cd8b5-8671-4d8e-8ebc-eb9e2a6c8295 created for 'EPSON Universal Print Driver' - '2121حسابات.pdf'
2025-12-30 23:37:43.375 [INF] [PrintJobsManager] 📄 Job Created: 4c5cd8b5-8671-4d8e-8ebc-eb9e2a6c8295 | '2121حسابات.pdf' → 'EPSON Universal Print Driver' x1
2025-12-30 23:37:43.375 [INF] [Lifecycle] Job 4c5cd8b5-8671-4d8e-8ebc-eb9e2a6c8295: "JobCreated" → "FileValidated" | File size: 138KB
2025-12-30 23:37:43.375 [INF] [Lifecycle] Job 4c5cd8b5-8671-4d8e-8ebc-eb9e2a6c8295: "FileValidated" → "FilePrepared" | Submitted to print queue
2025-12-30 23:37:43.375 [DBG] [Lifecycle] Job 35b0ae07-4e69-40ad-9124-a90382c7591f created for 'EPSON WF-C5210 Series' - '2121حسابات.pdf'
2025-12-30 23:37:43.375 [INF] [PrintJobsManager] 📄 Job Created: 35b0ae07-4e69-40ad-9124-a90382c7591f | '2121حسابات.pdf' → 'EPSON WF-C5210 Series' x1
2025-12-30 23:37:43.376 [INF] [Lifecycle] Job 35b0ae07-4e69-40ad-9124-a90382c7591f: "JobCreated" → "FileValidated" | File size: 138KB
2025-12-30 23:37:43.376 [INF] [Lifecycle] Job 35b0ae07-4e69-40ad-9124-a90382c7591f: "FileValidated" → "FilePrepared" | Submitted to print queue
2025-12-30 23:37:43.376 [DBG] [Lifecycle] Job f46bb2b5-f232-44a4-9515-47e19334c9e9 created for 'Foxit PDF Editor Printer' - '2121حسابات.pdf'
2025-12-30 23:37:43.376 [INF] [PrintJobsManager] 📄 Job Created: f46bb2b5-f232-44a4-9515-47e19334c9e9 | '2121حسابات.pdf' → 'Foxit PDF Editor Printer' x1
2025-12-30 23:37:43.376 [INF] [Lifecycle] Job f46bb2b5-f232-44a4-9515-47e19334c9e9: "JobCreated" → "FileValidated" | File size: 138KB
2025-12-30 23:37:43.376 [INF] [Lifecycle] Job f46bb2b5-f232-44a4-9515-47e19334c9e9: "FileValidated" → "FilePrepared" | Submitted to print queue
2025-12-30 23:37:43.376 [DBG] [Lifecycle] Job 8b936167-dab0-48b4-b733-f5f578de0e02 created for 'Microsoft Print to PDF' - '2121حسابات.pdf'
2025-12-30 23:37:43.377 [INF] [PrintJobsManager] 📄 Job Created: 8b936167-dab0-48b4-b733-f5f578de0e02 | '2121حسابات.pdf' → 'Microsoft Print to PDF' x1
2025-12-30 23:37:43.377 [INF] [Lifecycle] Job 8b936167-dab0-48b4-b733-f5f578de0e02: "JobCreated" → "FileValidated" | File size: 138KB
2025-12-30 23:37:43.377 [INF] [Lifecycle] Job 8b936167-dab0-48b4-b733-f5f578de0e02: "FileValidated" → "FilePrepared" | Submitted to print queue
2025-12-30 23:37:43.377 [DBG] [Lifecycle] Job 45aa5529-21a1-47bf-b848-0477d784eb83 created for 'OneNote (Desktop)' - '2121حسابات.pdf'
2025-12-30 23:37:43.377 [INF] [PrintJobsManager] 📄 Job Created: 45aa5529-21a1-47bf-b848-0477d784eb83 | '2121حسابات.pdf' → 'OneNote (Desktop)' x1
2025-12-30 23:37:43.377 [INF] [Lifecycle] Job 45aa5529-21a1-47bf-b848-0477d784eb83: "JobCreated" → "FileValidated" | File size: 138KB
2025-12-30 23:37:43.378 [INF] [Lifecycle] Job 45aa5529-21a1-47bf-b848-0477d784eb83: "FileValidated" → "FilePrepared" | Submitted to print queue
2025-12-30 23:37:43.378 [DBG] [Lifecycle] Job 83d7aca9-4b1c-405f-96fa-2ecb4745d070 created for 'OneNote (Desktop) - Protected' - '2121حسابات.pdf'
2025-12-30 23:37:43.378 [INF] [PrintJobsManager] 📄 Job Created: 83d7aca9-4b1c-405f-96fa-2ecb4745d070 | '2121حسابات.pdf' → 'OneNote (Desktop) - Protected' x1
2025-12-30 23:37:43.378 [INF] [Lifecycle] Job 83d7aca9-4b1c-405f-96fa-2ecb4745d070: "JobCreated" → "FileValidated" | File size: 138KB
2025-12-30 23:37:43.378 [INF] [Lifecycle] Job 83d7aca9-4b1c-405f-96fa-2ecb4745d070: "FileValidated" → "FilePrepared" | Submitted to print queue
2025-12-30 23:37:43.378 [DBG] [Lifecycle] Job 94b2dd35-9ff8-4132-a9bd-accf0e5b469b created for 'PDF-XChange Standard' - '2121حسابات.pdf'
2025-12-30 23:37:43.379 [INF] [PrintJobsManager] 📄 Job Created: 94b2dd35-9ff8-4132-a9bd-accf0e5b469b | '2121حسابات.pdf' → 'PDF-XChange Standard' x1
2025-12-30 23:37:43.379 [INF] [Lifecycle] Job 94b2dd35-9ff8-4132-a9bd-accf0e5b469b: "JobCreated" → "FileValidated" | File size: 138KB
2025-12-30 23:37:43.379 [INF] [Lifecycle] Job 94b2dd35-9ff8-4132-a9bd-accf0e5b469b: "FileValidated" → "FilePrepared" | Submitted to print queue
2025-12-30 23:37:43.379 [DBG] [Lifecycle] Job 3173b7b5-38b4-4c02-a65f-f3ab13fb5677 created for 'Print to Evernote' - '2121حسابات.pdf'
2025-12-30 23:37:43.382 [INF] [PrintJobsManager] 📄 Job Created: 3173b7b5-38b4-4c02-a65f-f3ab13fb5677 | '2121حسابات.pdf' → 'Print to Evernote' x1
2025-12-30 23:37:43.383 [INF] [Lifecycle] Job 3173b7b5-38b4-4c02-a65f-f3ab13fb5677: "JobCreated" → "FileValidated" | File size: 138KB
2025-12-30 23:37:43.383 [INF] [Lifecycle] Job 3173b7b5-38b4-4c02-a65f-f3ab13fb5677: "FileValidated" → "FilePrepared" | Submitted to print queue
