[13:51:44] [Info] [f14253bd-a784-451c-8a32-77019a802d16] Application Exiting
[13:51:44] [Info] [6cbcd76d-b25a-4dfa-abc0-2066ff509f4d] Printer Monitoring Service stopping.
[13:58:54] [Info] [077575e2-91d5-4a02-96ad-9233b527703a] Printer Monitoring Service starting.
[13:58:54] [Info] [44eed0fb-91b3-4841-9cab-b47210e34114] Temp File Cleanup Service starting.
[13:58:54] [Info] [17dcbffa-e5d0-4f3a-9055-83d06f87c627] Application Starting...
[13:58:55] [Info] [b0ea01c3-e1da-463b-b99e-717f85a059e1] Startup Complete
[14:00:24] [Critical] [768567e8-2dac-46ae-8624-769c26663099] Global Exception (UI Thread Error) [Ex: String]
[14:00:25] [Critical] [6c43f87e-9b29-4364-b4e8-bb8a0b49137c] Global Exception (UI Thread Error) [Ex: String]
[14:00:25] [Critical] [e32a59de-71dd-4de4-9b1f-b4edc7a935cd] Global Exception (UI Thread Error) [Ex: String]
[14:00:25] [Critical] [28f2e631-8d73-45d9-b4aa-ab1dce8eee5e] Global Exception (UI Thread Error) [Ex: String]
[14:00:25] [Critical] [44ead997-59d1-48c8-af13-1f961579d545] Global Exception (UI Thread Error) [Ex: String]
[14:00:25] [Critical] [ae682989-1834-4e84-848b-d2ee40157734] Global Exception (UI Thread Error) [Ex: String]
[14:00:25] [Critical] [cdd21f8c-cd73-424a-ae77-868484e8f426] Global Exception (UI Thread Error) [Ex: String]
[14:00:25] [Critical] [4a61df4e-5ef4-4651-b64e-5afdb08c751c] Global Exception (UI Thread Error) [Ex: String]
[14:00:25] [Critical] [76a83f77-3238-42a9-9aef-fd61cf435115] Global Exception (UI Thread Error) [Ex: String]
[14:00:25] [Critical] [8aeac066-dfbb-4aab-ac11-117f158a8e53] Global Exception (UI Thread Error) [Ex: String]
[14:00:25] [Critical] [66db0c6f-4c37-471a-bd01-f3a34a9732cd] Global Exception (UI Thread Error) [Ex: String]
[14:00:25] [Critical] [d30b8d3f-9a65-4fd0-a829-a933b0a21218] Global Exception (UI Thread Error) [Ex: String]
[14:00:25] [Critical] [28041b37-9a5a-4856-87ca-0ee74cd1f661] Global Exception (UI Thread Error) [Ex: String]
[14:00:25] [Critical] [0387dd89-2c29-4510-a70a-a84d18b542dc] Global Exception (UI Thread Error) [Ex: String]
[14:00:26] [Critical] [e85bc597-a6c8-4f23-83a7-5abd7d54ae98] Global Exception (UI Thread Error) [Ex: String]
[14:00:26] [Critical] [f636badc-cd1c-4273-bf83-f252d664f4c5] Global Exception (UI Thread Error) [Ex: String]
[14:00:26] [Critical] [ffe83d15-f661-46a8-9729-e5d842271591] Global Exception (UI Thread Error) [Ex: String]
[14:00:26] [Critical] [e5f5817a-3621-45f1-8d70-89d3b0f20ed8] Global Exception (UI Thread Error) [Ex: String]
[14:00:26] [Critical] [6a01c99c-06cd-40f5-9fd4-04888acde905] Global Exception (UI Thread Error) [Ex: String]
[14:00:26] [Critical] [161fc1bd-b23b-40ff-a458-9dda207ae452] Global Exception (UI Thread Error) [Ex: String]
[14:00:26] [Critical] [0573282f-972f-42b5-857b-0cd427c07b5b] Global Exception (UI Thread Error) [Ex: String]
[14:00:26] [Critical] [657ea81b-3ea6-4353-bda8-d197d32766d1] Global Exception (UI Thread Error) [Ex: String]
[14:00:26] [Critical] [e76d4a5d-942a-4d33-a566-308c4b1aec5a] Global Exception (UI Thread Error) [Ex: String]
[14:00:26] [Critical] [f624078f-40b0-482e-be07-b0d83681660a] Global Exception (UI Thread Error) [Ex: String]
[17:29:10] [Info] [3e2ac00a-3c0a-447d-9099-80a906ffece8] Printer Monitoring Service starting.
[17:29:10] [Info] [c5adf732-f279-4bc6-8ad2-a1892d929cb0] Temp File Cleanup Service starting.
[17:29:10] [Info] [88796169-2712-46b9-aad7-70adfa17e83e] Application Starting...
[17:29:11] [Info] [17c0062f-9c6f-4ce7-ae38-1f7c3dbc8f13] Startup Complete
[17:29:36] [Critical] [fd111867-2336-4e70-be79-584ffcc6f1c4] Global Exception (UI Thread Error) [Ex: String]
[17:29:36] [Critical] [50554127-5e68-4dc7-8c2c-c9c275fba2cf] Global Exception (UI Thread Error) [Ex: String]
[17:29:36] [Critical] [6376ad30-a07b-44ae-adf3-21ab91a025bf] Global Exception (UI Thread Error) [Ex: String]
[17:29:36] [Critical] [0af221e4-789d-4ba5-a81c-8bd8b486d661] Global Exception (UI Thread Error) [Ex: String]
[17:29:36] [Critical] [6b32c085-c887-419b-964a-aa3ccb7f5538] Global Exception (UI Thread Error) [Ex: String]
[17:29:36] [Critical] [839f9515-817c-4abd-8541-d4d616d4f6f3] Global Exception (UI Thread Error) [Ex: String]
[17:29:36] [Critical] [e9ba703c-caf0-46a9-a7e3-59c7a5b5c4cb] Global Exception (UI Thread Error) [Ex: String]
[17:29:36] [Critical] [8ee86c51-210f-4d22-88b0-9e78d0159e0b] Global Exception (UI Thread Error) [Ex: String]
[17:29:36] [Critical] [3ec482c3-40cd-4f41-bdb1-6ab8b1bb2c49] Global Exception (UI Thread Error) [Ex: String]
[17:29:36] [Critical] [5632bcb6-6b69-4275-a4a5-a5d7fed226fb] Global Exception (UI Thread Error) [Ex: String]
[17:29:37] [Critical] [c48abc37-248c-451e-8b8b-a5a92d65bb81] Global Exception (UI Thread Error) [Ex: String]
[17:29:37] [Critical] [a8a6b0af-b1e9-4e63-b301-86bbbc584587] Global Exception (UI Thread Error) [Ex: String]
[17:29:37] [Critical] [3a1a199d-db2b-4c46-8504-62f5361d643d] Global Exception (UI Thread Error) [Ex: String]
[17:29:37] [Critical] [6f4bde5d-dec3-4847-8c0e-d83ea7d94380] Global Exception (UI Thread Error) [Ex: String]
[17:29:37] [Critical] [c922042d-2a23-4271-8ce8-aef88918245c] Global Exception (UI Thread Error) [Ex: String]
[17:29:37] [Critical] [4b90d80f-9954-4948-9591-f6be66712ddf] Global Exception (UI Thread Error) [Ex: String]
[17:29:37] [Critical] [e06f4ca0-b594-4e21-98ff-f1ce6e49f960] Global Exception (UI Thread Error) [Ex: String]
[17:29:37] [Critical] [e2c5a6c7-ac1b-4ffc-9049-0079aee5e345] Global Exception (UI Thread Error) [Ex: String]
[17:29:37] [Critical] [d61ccee3-72f0-447d-b92e-c9bcdaf0063f] Global Exception (UI Thread Error) [Ex: String]
[17:29:37] [Critical] [301739ea-8fdd-49bd-b47b-dcaa348511ff] Global Exception (UI Thread Error) [Ex: String]
[17:29:37] [Critical] [4d699dea-41c7-4909-a6ef-4f49a384fee8] Global Exception (UI Thread Error) [Ex: String]
[17:29:37] [Critical] [40aff17f-fe50-4bde-8b60-3b4ba3bea82a] Global Exception (UI Thread Error) [Ex: String]
[17:29:37] [Critical] [6937f1ec-fb1c-4eab-81cb-985174ece50a] Global Exception (UI Thread Error) [Ex: String]
[17:29:37] [Critical] [024a0532-b47b-4a8d-9a84-335ca84dc943] Global Exception (UI Thread Error) [Ex: String]
[17:48:14] [Info] [3ffa0eac-33b7-485c-b5cd-37cb4e9c5cc8] Printer Monitoring Service starting.
[17:48:14] [Info] [a0a917a0-13e5-4688-ad77-15e183ea13e7] Temp File Cleanup Service starting.
[17:48:14] [Info] [92eb867e-717c-4ccc-a06b-3c70c849a070] Application Starting...
[17:48:15] [Info] [4ea50f58-bfe8-4be9-b072-a7269c8e4036] Startup Complete
[17:48:41] [Critical] [e63107b1-32cc-4c25-aba5-44920c9936f4] Global Exception (UI Thread Error) [Ex: String]
[17:48:42] [Critical] [4c9efbcc-c669-4ebd-865d-462a88a58d3f] Global Exception (UI Thread Error) [Ex: String]
[17:48:42] [Critical] [949a5331-dd45-4f21-bedc-6685f8e62db5] Global Exception (UI Thread Error) [Ex: String]
[17:48:42] [Critical] [66860355-2b02-45ca-bbee-e2d8504f55c4] Global Exception (UI Thread Error) [Ex: String]
[17:48:42] [Critical] [8e312703-213d-4418-9fcf-d20f527d3be7] Global Exception (UI Thread Error) [Ex: String]
[17:48:42] [Critical] [6dfc2f81-8e2a-4922-96d3-b7ab0d5e4364] Global Exception (UI Thread Error) [Ex: String]
[17:48:42] [Critical] [7d00b245-d057-4cc9-990c-2fa57a7433ae] Global Exception (UI Thread Error) [Ex: String]
[17:48:42] [Critical] [46f9d5ef-4873-44ee-8df1-f72e320bad50] Global Exception (UI Thread Error) [Ex: String]
[17:48:42] [Critical] [76bd43b1-88b5-41e1-98a1-7f56da3fabd5] Global Exception (UI Thread Error) [Ex: String]
[17:48:42] [Critical] [3a19a103-f36a-49e8-9022-9acd0281ed05] Global Exception (UI Thread Error) [Ex: String]
[17:48:42] [Critical] [4195f852-f89c-4064-8c3a-fd8d3c028fb5] Global Exception (UI Thread Error) [Ex: String]
[17:48:42] [Critical] [72b68989-ab01-45da-8dcc-7b0dea0ae7d5] Global Exception (UI Thread Error) [Ex: String]
[17:48:42] [Critical] [06297a34-7528-4d92-a563-758805fb188d] Global Exception (UI Thread Error) [Ex: String]
[17:48:42] [Critical] [c8fa1fe5-8a16-4742-979d-089e275271d0] Global Exception (UI Thread Error) [Ex: String]
[17:48:42] [Critical] [7c2ec2a4-a32a-4db4-bd0e-aa12ad4167d9] Global Exception (UI Thread Error) [Ex: String]
[17:48:42] [Critical] [352e6b0b-52ed-4fb4-9191-05c2bce986b3] Global Exception (UI Thread Error) [Ex: String]
[17:48:42] [Critical] [1a25ef99-25f9-444b-b99c-dc33d06d31e2] Global Exception (UI Thread Error) [Ex: String]
[17:48:43] [Critical] [b3ccf121-4fd6-4c31-ae5a-e8181881af84] Global Exception (UI Thread Error) [Ex: String]
[17:48:43] [Critical] [4edacde8-70be-46b1-939c-fa01c25d19a6] Global Exception (UI Thread Error) [Ex: String]
[17:48:43] [Critical] [29b1bf2c-0bc7-4a62-9186-4fd00d8fbde8] Global Exception (UI Thread Error) [Ex: String]
[17:48:43] [Critical] [2355d3b2-4eb2-42cd-9487-ce9522c67333] Global Exception (UI Thread Error) [Ex: String]
[17:48:43] [Critical] [4b99a41e-46d1-4aba-975d-716e0fe19872] Global Exception (UI Thread Error) [Ex: String]
[17:48:43] [Critical] [09fb3b2c-f083-40fb-afb9-1ded13f9f426] Global Exception (UI Thread Error) [Ex: String]
[17:48:43] [Critical] [71b96655-a5a4-4de6-aeef-022ba375326a] Global Exception (UI Thread Error) [Ex: String]
[18:25:34] [Info] [acf7ee5c-1f7c-4eb6-9037-f413bc010e5e] Printer Monitoring Service starting.
[18:25:34] [Info] [6937d359-0347-4212-9ae6-3fc60a4e7fa1] Temp File Cleanup Service starting.
[18:25:34] [Info] [85b146e2-53e9-4861-b69d-a35655bfcb68] Application Starting...
[18:25:34] [Info] [24f7e1f0-32e8-4124-9843-e438e7b87135] Startup Complete
[18:25:56] [Critical] [5f149211-8ce5-44c1-bd69-cd0cbebaa05c] Global Exception (UI Thread Error) [Ex: String]
[18:25:57] [Critical] [9cc986d8-cba5-4d05-b963-58f1dd5e14ab] Global Exception (UI Thread Error) [Ex: String]
[18:25:57] [Critical] [cf9ed674-2ebb-4c74-bf8f-0f111d35f9cf] Global Exception (UI Thread Error) [Ex: String]
[18:25:57] [Critical] [396e60a6-fb2a-4899-abd7-1356a9c6b58c] Global Exception (UI Thread Error) [Ex: String]
[18:25:57] [Critical] [6489bc0f-99b6-479a-93ec-0e2bd1c5fae8] Global Exception (UI Thread Error) [Ex: String]
[18:25:57] [Critical] [afb1767c-51a9-407c-a351-518b585793bc] Global Exception (UI Thread Error) [Ex: String]
[18:25:57] [Critical] [af47ae17-cb8e-4f5f-b747-471d1c54c95e] Global Exception (UI Thread Error) [Ex: String]
[18:25:57] [Critical] [5b63ccb2-a90d-4079-b6ad-e8fb049fbeae] Global Exception (UI Thread Error) [Ex: String]
[18:25:57] [Critical] [530acb23-8633-482f-a058-31904506bfcd] Global Exception (UI Thread Error) [Ex: String]
[18:25:57] [Critical] [917dce80-5acb-4e93-88de-be43b24cb6a6] Global Exception (UI Thread Error) [Ex: String]
[18:25:57] [Critical] [47085b2b-6ba6-42f7-bb1a-c2fbf989b6b1] Global Exception (UI Thread Error) [Ex: String]
[18:25:57] [Critical] [417d22b3-0f21-4679-a015-f994ff74d9d8] Global Exception (UI Thread Error) [Ex: String]
[18:25:57] [Critical] [369a6234-233d-44b8-a283-5700f29646fb] Global Exception (UI Thread Error) [Ex: String]
[18:25:57] [Critical] [01f797f0-af79-4a05-b428-6c353a5c6fe8] Global Exception (UI Thread Error) [Ex: String]
[18:25:57] [Critical] [8db4c203-b2fb-44c6-a2c3-3c3765cafb92] Global Exception (UI Thread Error) [Ex: String]
[18:25:58] [Critical] [e56523b1-a95c-4e16-a367-8d42bac5740b] Global Exception (UI Thread Error) [Ex: String]
[18:25:58] [Critical] [3413b2f5-4027-4236-83dd-7e4135fb6c77] Global Exception (UI Thread Error) [Ex: String]
[18:25:58] [Critical] [cce09d9c-d3b4-44ba-b75c-22fb707b03ed] Global Exception (UI Thread Error) [Ex: String]
[18:25:58] [Critical] [eea8af59-5cfe-4fee-96fc-b45f5d696e13] Global Exception (UI Thread Error) [Ex: String]
[18:25:58] [Critical] [d00fd923-b520-4f5b-b433-af23a2914437] Global Exception (UI Thread Error) [Ex: String]
[18:25:58] [Critical] [f2ba9e49-5723-4592-97b3-89946afa38ef] Global Exception (UI Thread Error) [Ex: String]
[18:25:58] [Critical] [d2bdfce3-6286-43d0-b15e-8e3563510183] Global Exception (UI Thread Error) [Ex: String]
[18:25:58] [Critical] [73c89130-27dc-434f-96f2-72b72b58da13] Global Exception (UI Thread Error) [Ex: String]
[18:25:58] [Critical] [7f9edfec-5e93-4a18-bab1-d82424af71af] Global Exception (UI Thread Error) [Ex: String]
[18:25:58] [Critical] [e721a530-ad00-4f95-98a6-330c309723d1] Global Exception (UI Thread Error) [Ex: String]
[18:35:27] [Info] [0877ee6d-af02-4810-b171-45080f9fd63a] Printer Monitoring Service starting.
[18:35:27] [Info] [4f4d1d46-cd8f-451d-9a52-1d7ca7409516] Temp File Cleanup Service starting.
[18:35:27] [Info] [6e6c9bb1-9fd4-4640-b85f-c055758a7c3e] Application Starting...
[18:35:28] [Info] [e4309292-c7ab-469e-8f37-c26879b89c23] Startup Complete
[18:37:10] [Info] [c4f06682-00e7-4d69-a7cd-ee6013ac1e4c] Application Exiting
[18:37:10] [Info] [eecdfe4a-0d01-4255-b875-d82a2b236ddb] Printer Monitoring Service stopping.
[18:37:59] [Info] [a3648c78-d7b0-4986-be9a-1039d89d8628] Printer Monitoring Service starting.
[18:37:59] [Info] [1b584166-5cde-459b-b15f-016209cddda0] Temp File Cleanup Service starting.
[18:37:59] [Info] [2e4293d6-f9fe-4f19-9070-a3f402f6efba] Application Starting...
[18:38:00] [Info] [c953fb7d-a4b9-4f8d-b4d1-020faa7bc55b] Startup Complete
[18:41:19] [Info] [5f4a45ca-028d-4566-9441-e69981235bad] Application Exiting
[18:41:19] [Info] [f5faf69e-3bf7-4677-be14-95c8ab52374c] Printer Monitoring Service stopping.
[19:32:09] [Info] [8be92649-dc00-4870-a037-dd85e534b667] Printer Monitoring Service starting.
[19:32:09] [Info] [06dea9e3-ef3b-4aba-8b7e-689eae1c120d] Temp File Cleanup Service starting.
[19:32:09] [Info] [d98013a8-e581-4024-afb7-f48e4829ba7f] Application Starting...
[19:32:10] [Info] [b2ab9fba-35bc-4174-8625-d76b7e012851] Startup Complete
[19:36:43] [Info] [e91a1afb-e700-4db8-9fee-02833c1bfdb2] Application Exiting
[19:36:43] [Info] [abe413b2-ea95-454e-90ba-904a76e1ef3e] Printer Monitoring Service stopping.
[19:37:10] [Info] [526e5671-f6a2-4724-933a-7ca96dda78c1] Printer Monitoring Service starting.
[19:37:10] [Info] [2724a06f-5323-4872-bd11-6743eceaa985] Temp File Cleanup Service starting.
[19:37:10] [Info] [66e4463d-159a-44e7-a079-1414bdc7a6a9] Application Starting...
[19:37:11] [Info] [a76d0498-d022-4ce2-a7bb-be3f7cd50bd1] Startup Complete
[19:42:23] [Info] [bcccc0d2-351d-43a5-b004-4d6ade03bd32] Application Exiting
[19:42:23] [Info] [4c320c92-f761-495e-bd5f-c8d412c758d4] Printer Monitoring Service stopping.
[19:48:45] [Info] [f8324164-0ec4-4b56-a0ce-f8c6df0058ba] Printer Monitoring Service starting.
[19:48:45] [Info] [92f5b1f1-19ae-473d-ad25-238ab12bccb4] Temp File Cleanup Service starting.
[19:48:45] [Info] [00fdcbfc-86ef-46b6-b66a-745aca7d3834] Application Starting...
[19:48:46] [Info] [fa920b6f-3128-4479-bc5d-e399d9159ada] Startup Complete
[19:49:11] [Info] [12518afd-29c5-4a54-aff9-ae20f6653820] Application Exiting
[19:49:11] [Info] [894750a6-c0ff-4431-9b4c-07d58f5d458e] Printer Monitoring Service stopping.
[19:49:53] [Info] [fc415be4-183f-4c5d-922b-ce83c6c2a31b] Printer Monitoring Service starting.
[19:49:53] [Info] [63e6332a-52bb-42db-ab0c-49546ba35d47] Temp File Cleanup Service starting.
[19:49:53] [Info] [1011575c-b296-43c3-920c-8be65ef3c019] Application Starting...
[19:49:54] [Info] [db615040-3290-42c1-958b-b3dead5cb360] Startup Complete
[21:14:50] [Info] [4eaf97ed-84ec-4e6d-b90d-081dfbb28c2d] Application Exiting
[21:14:50] [Info] [38185a55-4336-44a5-96f6-e9919d69148b] Printer Monitoring Service stopping.
[21:15:40] [Info] [28f865c1-92cd-4c8f-9c4a-e7ace429025a] Printer Monitoring Service starting.
[21:15:40] [Info] [07912440-f339-4cf5-8e11-57a95e68f96d] Temp File Cleanup Service starting.
[21:15:40] [Info] [b39b2b50-7443-4d57-884f-caec2f648c41] Application Starting...
[21:15:41] [Info] [433acf95-20d6-41f6-874f-7aee66146b50] Startup Complete
[21:19:01] [Critical] [f1720c5e-f818-4373-ad01-9fdca5db4aef] Global Exception (UI Thread Error) [Ex: String]
[21:19:01] [Critical] [ec7336fa-82c2-4795-b315-6f3b8baefcc2] Global Exception (UI Thread Error) [Ex: String]
[21:19:01] [Critical] [b7f9e3e0-fe29-4938-9196-d592b8793a79] Global Exception (UI Thread Error) [Ex: String]
[21:19:01] [Critical] [dccde92c-0960-4e1f-8637-863b684bd3c4] Global Exception (UI Thread Error) [Ex: String]
[21:19:01] [Critical] [65fd4764-021e-42ce-8a88-2ec4010da585] Global Exception (UI Thread Error) [Ex: String]
[21:19:01] [Critical] [691f2501-11fc-47d8-ab27-39859cec032c] Global Exception (UI Thread Error) [Ex: String]
[21:19:01] [Critical] [0f1ae0a7-1694-4015-8f5e-b21166e4a128] Global Exception (UI Thread Error) [Ex: String]
[21:19:01] [Critical] [6d5dcad7-1397-49e8-a2a9-48736a8127fc] Global Exception (UI Thread Error) [Ex: String]
[21:19:01] [Critical] [15e7043b-8d89-42c9-9314-2f4d90c55646] Global Exception (UI Thread Error) [Ex: String]
[21:19:01] [Critical] [a6743e0e-417f-40bd-b7aa-86ade6328afa] Global Exception (UI Thread Error) [Ex: String]
[21:19:01] [Critical] [cb77119a-7605-4b44-992a-a4e34b0d036b] Global Exception (UI Thread Error) [Ex: String]
[21:19:01] [Critical] [f2e3db98-63d4-4eff-bcfb-9a785d566d46] Global Exception (UI Thread Error) [Ex: String]
[21:19:01] [Critical] [83ed91e0-0165-48a2-a950-b8b624d6ee33] Global Exception (UI Thread Error) [Ex: String]
[21:19:01] [Critical] [7ab0722e-d930-418d-a4b7-1daedc235cb5] Global Exception (UI Thread Error) [Ex: String]
[21:19:01] [Critical] [bae9123b-0248-42b5-9333-e45f4fce7f1d] Global Exception (UI Thread Error) [Ex: String]
[21:19:02] [Critical] [86833d95-b57e-41da-96dd-0716070cdee9] Global Exception (UI Thread Error) [Ex: String]
[21:19:02] [Critical] [43c087dc-ce1a-4e7b-a985-bc86591ad6b9] Global Exception (UI Thread Error) [Ex: String]
[21:19:02] [Critical] [ea9c431b-3eb9-47fa-9afa-dfbe845b8405] Global Exception (UI Thread Error) [Ex: String]
[21:19:02] [Critical] [fca97731-bef1-4273-9266-e5bc9c6283dd] Global Exception (UI Thread Error) [Ex: String]
[21:19:02] [Critical] [7abc4f1a-277c-43cd-a665-3d4e322f3e1d] Global Exception (UI Thread Error) [Ex: String]
[21:19:02] [Critical] [1d2cb319-bdc0-4080-9af2-ccbf4cb81381] Global Exception (UI Thread Error) [Ex: String]
[21:19:02] [Critical] [eecb1067-ff5f-46c0-827e-ac4233f11610] Global Exception (UI Thread Error) [Ex: String]
