  Determining projects to restore...
  All projects are up-to-date for restore.
  Apex.Core -> C:\Users\moham\OneDrive\سطح المكتب\Apex\system\Apex.PrintingSystem\Apex.Core\bin\Debug\net8.0\Apex.Core.dll
  Apex.NumberedBooksEngine -> C:\Users\moham\OneDrive\سطح المكتب\Apex\system\Apex.PrintingSystem\Apex.NumberedBooksEngine\bin\Debug\net8.0\Apex.NumberedBooksEngine.dll
  Apex.Data -> C:\Users\moham\OneDrive\سطح المكتب\Apex\system\Apex.PrintingSystem\Apex.Data\bin\Debug\net8.0\Apex.Data.dll
  Apex.Services -> C:\Users\moham\OneDrive\سطح المكتب\Apex\system\Apex.PrintingSystem\Apex.Services\bin\Debug\net8.0-windows\Apex.Services.dll
  Apex.NumberedBooksEngine.UI -> C:\Users\moham\OneDrive\سطح المكتب\Apex\system\Apex.PrintingSystem\Apex.NumberedBooksEngine.UI\bin\Debug\net8.0-windows\Apex.NumberedBooksEngine.UI.dll
C:\Users\moham\OneDrive\سطح المكتب\Apex\system\Apex.PrintingSystem\Apex.UI\App.xaml.cs(142,27): error CS1001: Identifier expected [C:\Users\moham\OneDrive\سطح المكتب\Apex\system\Apex.PrintingSystem\Apex.UI\Apex.UI_nggvqn1j_wpftmp.csproj]
C:\Users\moham\OneDrive\سطح المكتب\Apex\system\Apex.PrintingSystem\Apex.UI\App.xaml.cs(143,16): error CS1001: Identifier expected [C:\Users\moham\OneDrive\سطح المكتب\Apex\system\Apex.PrintingSystem\Apex.UI\Apex.UI_nggvqn1j_wpftmp.csproj]
C:\Users\moham\OneDrive\سطح المكتب\Apex\system\Apex.PrintingSystem\Apex.UI\App.xaml.cs(144,29): error CS1001: Identifier expected [C:\Users\moham\OneDrive\سطح المكتب\Apex\system\Apex.PrintingSystem\Apex.UI\Apex.UI_nggvqn1j_wpftmp.csproj]
C:\Users\moham\OneDrive\سطح المكتب\Apex\system\Apex.PrintingSystem\Apex.UI\App.xaml.cs(145,20): error CS1001: Identifier expected [C:\Users\moham\OneDrive\سطح المكتب\Apex\system\Apex.PrintingSystem\Apex.UI\Apex.UI_nggvqn1j_wpftmp.csproj]
C:\Users\moham\OneDrive\سطح المكتب\Apex\system\Apex.PrintingSystem\Apex.UI\App.xaml.cs(146,25): error CS1001: Identifier expected [C:\Users\moham\OneDrive\سطح المكتب\Apex\system\Apex.PrintingSystem\Apex.UI\Apex.UI_nggvqn1j_wpftmp.csproj]
C:\Users\moham\OneDrive\سطح المكتب\Apex\system\Apex.PrintingSystem\Apex.UI\App.xaml.cs(147,36): error CS1001: Identifier expected [C:\Users\moham\OneDrive\سطح المكتب\Apex\system\Apex.PrintingSystem\Apex.UI\Apex.UI_nggvqn1j_wpftmp.csproj]
C:\Users\moham\OneDrive\سطح المكتب\Apex\system\Apex.PrintingSystem\Apex.UI\App.xaml.cs(148,47): error CS1001: Identifier expected [C:\Users\moham\OneDrive\سطح المكتب\Apex\system\Apex.PrintingSystem\Apex.UI\Apex.UI_nggvqn1j_wpftmp.csproj]
C:\Users\moham\OneDrive\سطح المكتب\Apex\system\Apex.PrintingSystem\Apex.UI\App.xaml.cs(149,35): error CS1001: Identifier expected [C:\Users\moham\OneDrive\سطح المكتب\Apex\system\Apex.PrintingSystem\Apex.UI\Apex.UI_nggvqn1j_wpftmp.csproj]
C:\Users\moham\OneDrive\سطح المكتب\Apex\system\Apex.PrintingSystem\Apex.UI\App.xaml.cs(150,23): error CS1001: Identifier expected [C:\Users\moham\OneDrive\سطح المكتب\Apex\system\Apex.PrintingSystem\Apex.UI\Apex.UI_nggvqn1j_wpftmp.csproj]
C:\Users\moham\OneDrive\سطح المكتب\Apex\system\Apex.PrintingSystem\Apex.UI\App.xaml.cs(151,30): error CS1001: Identifier expected [C:\Users\moham\OneDrive\سطح المكتب\Apex\system\Apex.PrintingSystem\Apex.UI\Apex.UI_nggvqn1j_wpftmp.csproj]
C:\Users\moham\OneDrive\سطح المكتب\Apex\system\Apex.PrintingSystem\Apex.UI\App.xaml.cs(152,21): error CS1001: Identifier expected [C:\Users\moham\OneDrive\سطح المكتب\Apex\system\Apex.PrintingSystem\Apex.UI\Apex.UI_nggvqn1j_wpftmp.csproj]
C:\Users\moham\OneDrive\سطح المكتب\Apex\system\Apex.PrintingSystem\Apex.UI\App.xaml.cs(153,20): error CS1001: Identifier expected [C:\Users\moham\OneDrive\سطح المكتب\Apex\system\Apex.PrintingSystem\Apex.UI\Apex.UI_nggvqn1j_wpftmp.csproj]
C:\Users\moham\OneDrive\سطح المكتب\Apex\system\Apex.PrintingSystem\Apex.UI\App.xaml.cs(153,21): error CS1513: } expected [C:\Users\moham\OneDrive\سطح المكتب\Apex\system\Apex.PrintingSystem\Apex.UI\Apex.UI_nggvqn1j_wpftmp.csproj]
C:\Users\moham\OneDrive\سطح المكتب\Apex\system\Apex.PrintingSystem\Apex.UI\App.xaml.cs(274,2): error CS1513: } expected [C:\Users\moham\OneDrive\سطح المكتب\Apex\system\Apex.PrintingSystem\Apex.UI\Apex.UI_nggvqn1j_wpftmp.csproj]
