2026-01-01 00:06:20.207 [INF] === Apex Printing System Logger Initialized ===
2026-01-01 00:06:20.270 [INF] [PrintJobsManager] Initialized - All print jobs will be tracked
2026-01-01 00:06:20.278 [DBG] [Lifecycle] Job 45bdf0a2-573d-4d7d-a996-3f22d5b637c1 created for 'EPSON WF-C5210 Series' - '11.pdf'
2026-01-01 00:06:20.282 [INF] [PrintJobsManager] 📄 Job Created: 45bdf0a2-573d-4d7d-a996-3f22d5b637c1 | '11.pdf' → 'EPSON WF-C5210 Series' x1
2026-01-01 00:06:20.288 [INF] [Lifecycle] Job 45bdf0a2-573d-4d7d-a996-3f22d5b637c1: "JobCreated" → "FileValidated" | File size: 1053303KB
2026-01-01 00:06:20.292 [INF] [Lifecycle] Job 45bdf0a2-573d-4d7d-a996-3f22d5b637c1: "FileValidated" → "FilePrepared" | Submitted to print queue
2026-01-01 00:07:00.521 [DBG] [Lifecycle] Job f3f6b04e-b41a-47d8-93c8-6b02b98e53bc created for 'EPSON WF-C5210 Series' - '11.pdf'
2026-01-01 00:07:00.522 [INF] [PrintJobsManager] 📄 Job Created: f3f6b04e-b41a-47d8-93c8-6b02b98e53bc | '11.pdf' → 'EPSON WF-C5210 Series' x1
2026-01-01 00:07:00.522 [INF] [Lifecycle] Job f3f6b04e-b41a-47d8-93c8-6b02b98e53bc: "JobCreated" → "FileValidated" | File size: 1053303KB
2026-01-01 00:07:00.522 [INF] [Lifecycle] Job f3f6b04e-b41a-47d8-93c8-6b02b98e53bc: "FileValidated" → "FilePrepared" | Submitted to print queue
2026-01-01 00:11:11.813 [INF] === Apex Printing System Logger Initialized ===
2026-01-01 00:11:11.879 [INF] [PrintJobsManager] Initialized - All print jobs will be tracked
2026-01-01 00:11:11.887 [DBG] [Lifecycle] Job cfdd152a-aecc-4f80-b7bf-e39ef8684cd5 created for 'EPSON WF-C5210 Series' - 'Binder1.pdf'
2026-01-01 00:11:11.891 [INF] [PrintJobsManager] 📄 Job Created: cfdd152a-aecc-4f80-b7bf-e39ef8684cd5 | 'Binder1.pdf' → 'EPSON WF-C5210 Series' x1
2026-01-01 00:11:11.897 [INF] [Lifecycle] Job cfdd152a-aecc-4f80-b7bf-e39ef8684cd5: "JobCreated" → "FileValidated" | File size: 686KB
2026-01-01 00:11:11.901 [INF] [Lifecycle] Job cfdd152a-aecc-4f80-b7bf-e39ef8684cd5: "FileValidated" → "FilePrepared" | Submitted to print queue
2026-01-01 00:23:52.301 [INF] === Apex Printing System Logger Initialized ===
2026-01-01 00:23:52.368 [INF] [PrintJobsManager] Initialized - All print jobs will be tracked
2026-01-01 00:23:52.376 [DBG] [Lifecycle] Job 045cee6b-9b5d-4e4e-8bb8-69ef2ff5df5d created for 'EPSON WF-C5210 Series' - '11.pdf'
2026-01-01 00:23:52.381 [INF] [PrintJobsManager] 📄 Job Created: 045cee6b-9b5d-4e4e-8bb8-69ef2ff5df5d | '11.pdf' → 'EPSON WF-C5210 Series' x1
2026-01-01 00:23:52.387 [INF] [Lifecycle] Job 045cee6b-9b5d-4e4e-8bb8-69ef2ff5df5d: "JobCreated" → "FileValidated" | File size: 1053303KB
2026-01-01 00:23:52.391 [INF] [Lifecycle] Job 045cee6b-9b5d-4e4e-8bb8-69ef2ff5df5d: "FileValidated" → "FilePrepared" | Submitted to print queue
2026-01-01 00:47:19.789 [INF] === Apex Printing System Logger Initialized ===
2026-01-01 00:47:19.855 [INF] [PrintJobsManager] Initialized - All print jobs will be tracked
2026-01-01 00:47:19.867 [DBG] [Lifecycle] Job 12722125-bfe1-4057-ad44-f693a688fa52 created for 'EPSON WF-C5210 Series' - '11.pdf'
2026-01-01 00:47:19.871 [INF] [PrintJobsManager] 📄 Job Created: 12722125-bfe1-4057-ad44-f693a688fa52 | '11.pdf' → 'EPSON WF-C5210 Series' x1
2026-01-01 00:47:19.877 [INF] [Lifecycle] Job 12722125-bfe1-4057-ad44-f693a688fa52: "JobCreated" → "FileValidated" | File size: 1053303KB
2026-01-01 00:47:19.881 [INF] [Lifecycle] Job 12722125-bfe1-4057-ad44-f693a688fa52: "FileValidated" → "FilePrepared" | Submitted to print queue
2026-01-01 13:50:17.457 [INF] === Apex Printing System Logger Initialized ===
2026-01-01 13:50:17.519 [INF] [PrintJobsManager] Initialized - All print jobs will be tracked
2026-01-01 13:50:17.529 [DBG] [Lifecycle] Job 205dc30e-deb8-4a99-8cd7-c93d18d18ae3 created for 'EPSON WF-C5210 Series' - '11.pdf'
2026-01-01 13:50:17.534 [INF] [PrintJobsManager] 📄 Job Created: 205dc30e-deb8-4a99-8cd7-c93d18d18ae3 | '11.pdf' → 'EPSON WF-C5210 Series' x1
2026-01-01 13:50:17.539 [INF] [Lifecycle] Job 205dc30e-deb8-4a99-8cd7-c93d18d18ae3: "JobCreated" → "FileValidated" | File size: 1053303KB
2026-01-01 13:50:17.544 [INF] [Lifecycle] Job 205dc30e-deb8-4a99-8cd7-c93d18d18ae3: "FileValidated" → "FilePrepared" | Submitted to print queue
2026-01-01 13:54:39.617 [INF] === Apex Printing System Logger Initialized ===
2026-01-01 13:54:39.683 [INF] [PrintJobsManager] Initialized - All print jobs will be tracked
2026-01-01 13:54:39.694 [DBG] [Lifecycle] Job d4b8eead-03f5-4061-a5ab-29cb00b95880 created for 'EPSON WF-C5210 Series' - '11.pdf'
2026-01-01 13:54:39.699 [INF] [PrintJobsManager] 📄 Job Created: d4b8eead-03f5-4061-a5ab-29cb00b95880 | '11.pdf' → 'EPSON WF-C5210 Series' x1
2026-01-01 13:54:39.705 [INF] [Lifecycle] Job d4b8eead-03f5-4061-a5ab-29cb00b95880: "JobCreated" → "FileValidated" | File size: 1053303KB
2026-01-01 13:54:39.709 [INF] [Lifecycle] Job d4b8eead-03f5-4061-a5ab-29cb00b95880: "FileValidated" → "FilePrepared" | Submitted to print queue
2026-01-01 13:58:50.813 [INF] === Apex Printing System Logger Initialized ===
2026-01-01 13:58:50.877 [INF] [PrintJobsManager] Initialized - All print jobs will be tracked
2026-01-01 13:58:50.887 [DBG] [Lifecycle] Job 8ee09d82-1f9e-4d4d-9fe8-01be86fad368 created for 'EPSON WF-C5210 Series' - 'فاتورة ابكس.pdf'
2026-01-01 13:58:50.892 [INF] [PrintJobsManager] 📄 Job Created: 8ee09d82-1f9e-4d4d-9fe8-01be86fad368 | 'فاتورة ابكس.pdf' → 'EPSON WF-C5210 Series' x1
2026-01-01 13:58:50.898 [INF] [Lifecycle] Job 8ee09d82-1f9e-4d4d-9fe8-01be86fad368: "JobCreated" → "FileValidated" | File size: 3421KB
2026-01-01 13:58:50.902 [INF] [Lifecycle] Job 8ee09d82-1f9e-4d4d-9fe8-01be86fad368: "FileValidated" → "FilePrepared" | Submitted to print queue
2026-01-01 14:04:35.678 [INF] === Apex Printing System Logger Initialized ===
2026-01-01 14:04:35.738 [INF] [PrintJobsManager] Initialized - All print jobs will be tracked
2026-01-01 14:04:35.748 [DBG] [Lifecycle] Job 1792e125-56a0-4477-95fe-49f36c5a0658 created for 'EPSON WF-C5210 Series' - 'Invoice_1_numbered.pdf'
2026-01-01 14:04:35.753 [INF] [PrintJobsManager] 📄 Job Created: 1792e125-56a0-4477-95fe-49f36c5a0658 | 'Invoice_1_numbered.pdf' → 'EPSON WF-C5210 Series' x1
2026-01-01 14:04:35.759 [INF] [Lifecycle] Job 1792e125-56a0-4477-95fe-49f36c5a0658: "JobCreated" → "FileValidated" | File size: 62KB
2026-01-01 14:04:35.763 [INF] [Lifecycle] Job 1792e125-56a0-4477-95fe-49f36c5a0658: "FileValidated" → "FilePrepared" | Submitted to print queue
2026-01-01 15:08:03.706 [INF] === Apex Printing System Logger Initialized ===
2026-01-01 15:08:03.770 [INF] [PrintJobsManager] Initialized - All print jobs will be tracked
2026-01-01 15:08:03.781 [DBG] [Lifecycle] Job 7a173116-708b-4b84-bee3-d01b5ef91e45 created for 'EPSON WF-C5210 Series' - 'Invoice_1.pdf'
2026-01-01 15:08:03.786 [INF] [PrintJobsManager] 📄 Job Created: 7a173116-708b-4b84-bee3-d01b5ef91e45 | 'Invoice_1.pdf' → 'EPSON WF-C5210 Series' x1
2026-01-01 15:08:03.792 [INF] [Lifecycle] Job 7a173116-708b-4b84-bee3-d01b5ef91e45: "JobCreated" → "FileValidated" | File size: 48KB
2026-01-01 15:08:03.796 [INF] [Lifecycle] Job 7a173116-708b-4b84-bee3-d01b5ef91e45: "FileValidated" → "FilePrepared" | Submitted to print queue
2026-01-01 15:08:11.617 [DBG] [Lifecycle] Job cc665b95-9535-4457-a8cc-790765e6708e created for 'EPSON WF-C5210 Series' - 'Invoice_1.pdf'
2026-01-01 15:08:11.617 [INF] [PrintJobsManager] 📄 Job Created: cc665b95-9535-4457-a8cc-790765e6708e | 'Invoice_1.pdf' → 'EPSON WF-C5210 Series' x1
2026-01-01 15:08:11.617 [INF] [Lifecycle] Job cc665b95-9535-4457-a8cc-790765e6708e: "JobCreated" → "FileValidated" | File size: 48KB
2026-01-01 15:08:11.618 [INF] [Lifecycle] Job cc665b95-9535-4457-a8cc-790765e6708e: "FileValidated" → "FilePrepared" | Submitted to print queue
2026-01-01 15:13:09.681 [INF] === Apex Printing System Logger Initialized ===
2026-01-01 15:13:09.744 [INF] [PrintJobsManager] Initialized - All print jobs will be tracked
2026-01-01 15:14:12.624 [DBG] [Lifecycle] Job ef2db885-94ac-42d7-86c2-2fb4ecde9f4e created for 'Adobe PDF' - 'فاتورة ابكس.pdf'
2026-01-01 15:14:12.629 [INF] [PrintJobsManager] 📄 Job Created: ef2db885-94ac-42d7-86c2-2fb4ecde9f4e | 'فاتورة ابكس.pdf' → 'Adobe PDF' x1
2026-01-01 15:14:12.639 [INF] [Lifecycle] Job ef2db885-94ac-42d7-86c2-2fb4ecde9f4e: "JobCreated" → "FileValidated" | File size: 3421KB
2026-01-01 15:14:12.644 [INF] [Lifecycle] Job ef2db885-94ac-42d7-86c2-2fb4ecde9f4e: "FileValidated" → "FilePrepared" | Submitted to print queue
2026-01-01 15:14:12.652 [DBG] [Lifecycle] Job 9ee8f6cf-7a5c-407b-9616-ea6dfb4f5629 created for 'AnyDesk Printer' - 'فاتورة ابكس.pdf'
2026-01-01 15:14:12.652 [INF] [PrintJobsManager] 📄 Job Created: 9ee8f6cf-7a5c-407b-9616-ea6dfb4f5629 | 'فاتورة ابكس.pdf' → 'AnyDesk Printer' x1
2026-01-01 15:14:12.653 [INF] [Lifecycle] Job 9ee8f6cf-7a5c-407b-9616-ea6dfb4f5629: "JobCreated" → "FileValidated" | File size: 3421KB
2026-01-01 15:14:12.653 [INF] [Lifecycle] Job 9ee8f6cf-7a5c-407b-9616-ea6dfb4f5629: "FileValidated" → "FilePrepared" | Submitted to print queue
2026-01-01 15:14:12.653 [DBG] [Lifecycle] Job 044ee158-01aa-4e03-a929-6bfa07b05534 created for 'EPSON Universal Print Driver' - 'فاتورة ابكس.pdf'
2026-01-01 15:14:12.653 [INF] [PrintJobsManager] 📄 Job Created: 044ee158-01aa-4e03-a929-6bfa07b05534 | 'فاتورة ابكس.pdf' → 'EPSON Universal Print Driver' x1
2026-01-01 15:14:12.654 [INF] [Lifecycle] Job 044ee158-01aa-4e03-a929-6bfa07b05534: "JobCreated" → "FileValidated" | File size: 3421KB
2026-01-01 15:14:12.654 [INF] [Lifecycle] Job 044ee158-01aa-4e03-a929-6bfa07b05534: "FileValidated" → "FilePrepared" | Submitted to print queue
2026-01-01 15:14:12.655 [DBG] [Lifecycle] Job 18b73a17-5e60-4a67-b1fc-57dae010437f created for 'EPSON WF-C5210 Series' - 'فاتورة ابكس.pdf'
2026-01-01 15:14:12.655 [INF] [PrintJobsManager] 📄 Job Created: 18b73a17-5e60-4a67-b1fc-57dae010437f | 'فاتورة ابكس.pdf' → 'EPSON WF-C5210 Series' x1
2026-01-01 15:14:12.655 [INF] [Lifecycle] Job 18b73a17-5e60-4a67-b1fc-57dae010437f: "JobCreated" → "FileValidated" | File size: 3421KB
2026-01-01 15:14:12.655 [INF] [Lifecycle] Job 18b73a17-5e60-4a67-b1fc-57dae010437f: "FileValidated" → "FilePrepared" | Submitted to print queue
2026-01-01 15:14:12.656 [DBG] [Lifecycle] Job 03269ddf-84be-40ef-9676-f29381b03897 created for 'Foxit PDF Editor Printer' - 'فاتورة ابكس.pdf'
2026-01-01 15:14:12.656 [INF] [PrintJobsManager] 📄 Job Created: 03269ddf-84be-40ef-9676-f29381b03897 | 'فاتورة ابكس.pdf' → 'Foxit PDF Editor Printer' x1
2026-01-01 15:14:12.656 [INF] [Lifecycle] Job 03269ddf-84be-40ef-9676-f29381b03897: "JobCreated" → "FileValidated" | File size: 3421KB
2026-01-01 15:14:12.656 [INF] [Lifecycle] Job 03269ddf-84be-40ef-9676-f29381b03897: "FileValidated" → "FilePrepared" | Submitted to print queue
2026-01-01 15:14:12.657 [DBG] [Lifecycle] Job e4ce1159-80dc-4ff1-bf60-0aa7789edd95 created for 'Microsoft Print to PDF' - 'فاتورة ابكس.pdf'
2026-01-01 15:14:12.657 [INF] [PrintJobsManager] 📄 Job Created: e4ce1159-80dc-4ff1-bf60-0aa7789edd95 | 'فاتورة ابكس.pdf' → 'Microsoft Print to PDF' x1
2026-01-01 15:14:12.657 [INF] [Lifecycle] Job e4ce1159-80dc-4ff1-bf60-0aa7789edd95: "JobCreated" → "FileValidated" | File size: 3421KB
2026-01-01 15:14:12.657 [INF] [Lifecycle] Job e4ce1159-80dc-4ff1-bf60-0aa7789edd95: "FileValidated" → "FilePrepared" | Submitted to print queue
2026-01-01 15:14:12.658 [DBG] [Lifecycle] Job d6a3dbd3-b4eb-403c-a36e-742132b7e6b6 created for 'OneNote (Desktop)' - 'فاتورة ابكس.pdf'
2026-01-01 15:14:12.658 [INF] [PrintJobsManager] 📄 Job Created: d6a3dbd3-b4eb-403c-a36e-742132b7e6b6 | 'فاتورة ابكس.pdf' → 'OneNote (Desktop)' x1
2026-01-01 15:14:12.658 [INF] [Lifecycle] Job d6a3dbd3-b4eb-403c-a36e-742132b7e6b6: "JobCreated" → "FileValidated" | File size: 3421KB
2026-01-01 15:14:12.658 [INF] [Lifecycle] Job d6a3dbd3-b4eb-403c-a36e-742132b7e6b6: "FileValidated" → "FilePrepared" | Submitted to print queue
2026-01-01 15:14:12.659 [DBG] [Lifecycle] Job e2b4a2ce-7421-4475-b0d5-715972f4d169 created for 'OneNote (Desktop) - Protected' - 'فاتورة ابكس.pdf'
2026-01-01 15:14:12.659 [INF] [PrintJobsManager] 📄 Job Created: e2b4a2ce-7421-4475-b0d5-715972f4d169 | 'فاتورة ابكس.pdf' → 'OneNote (Desktop) - Protected' x1
2026-01-01 15:14:12.659 [INF] [Lifecycle] Job e2b4a2ce-7421-4475-b0d5-715972f4d169: "JobCreated" → "FileValidated" | File size: 3421KB
2026-01-01 15:14:12.659 [INF] [Lifecycle] Job e2b4a2ce-7421-4475-b0d5-715972f4d169: "FileValidated" → "FilePrepared" | Submitted to print queue
2026-01-01 15:14:12.660 [DBG] [Lifecycle] Job 0d0c438e-c469-4dd0-9c43-f0d295b8aaaf created for 'PDF-XChange Standard' - 'فاتورة ابكس.pdf'
2026-01-01 15:14:12.660 [INF] [PrintJobsManager] 📄 Job Created: 0d0c438e-c469-4dd0-9c43-f0d295b8aaaf | 'فاتورة ابكس.pdf' → 'PDF-XChange Standard' x1
2026-01-01 15:14:12.660 [INF] [Lifecycle] Job 0d0c438e-c469-4dd0-9c43-f0d295b8aaaf: "JobCreated" → "FileValidated" | File size: 3421KB
2026-01-01 15:14:12.660 [INF] [Lifecycle] Job 0d0c438e-c469-4dd0-9c43-f0d295b8aaaf: "FileValidated" → "FilePrepared" | Submitted to print queue
2026-01-01 15:14:12.661 [DBG] [Lifecycle] Job f8964435-bfa6-426d-b6f7-49d1952098ba created for 'Print to Evernote' - 'فاتورة ابكس.pdf'
2026-01-01 15:14:12.661 [INF] [PrintJobsManager] 📄 Job Created: f8964435-bfa6-426d-b6f7-49d1952098ba | 'فاتورة ابكس.pdf' → 'Print to Evernote' x1
2026-01-01 15:14:12.661 [INF] [Lifecycle] Job f8964435-bfa6-426d-b6f7-49d1952098ba: "JobCreated" → "FileValidated" | File size: 3421KB
2026-01-01 15:14:12.661 [INF] [Lifecycle] Job f8964435-bfa6-426d-b6f7-49d1952098ba: "FileValidated" → "FilePrepared" | Submitted to print queue
