[12/6/2025 3:28:48 PM] Initializing ViewModel: DashboardViewModel...
[12/6/2025 3:28:49 PM] ViewModel initialized successfully.
[12/6/2025 3:29:15 PM] Initializing ViewModel: DashboardViewModel...
[12/6/2025 3:29:17 PM] ViewModel initialized successfully.
[12/6/2025 3:30:14 PM] Initializing ViewModel: DashboardViewModel...
[12/6/2025 3:30:15 PM] ViewModel initialized successfully.
[12/6/2025 3:37:14 PM] Initializing ViewModel: DashboardViewModel...
[12/6/2025 3:37:16 PM] ViewModel initialized successfully.
[12/6/2025 3:37:35 PM] Initializing ViewModel: DashboardViewModel...
[12/6/2025 3:37:36 PM] ViewModel initialized successfully.
[12/6/2025 3:55:34 PM] Initializing ViewModel: DashboardViewModel...
[12/6/2025 3:55:36 PM] ViewModel initialized successfully.
[12/6/2025 4:07:48 PM] Initializing ViewModel: DashboardViewModel...
[12/6/2025 4:07:49 PM] ViewModel initialized successfully.
[12/6/2025 4:10:47 PM] Initializing ViewModel: DashboardViewModel...
[12/6/2025 4:10:48 PM] ViewModel initialized successfully.
[12/6/2025 4:20:48 PM] Initializing ViewModel: DashboardViewModel...
[12/6/2025 4:20:49 PM] ViewModel initialized successfully.
[12/6/2025 4:36:28 PM] Initializing ViewModel: DashboardViewModel...
[12/6/2025 4:36:30 PM] ViewModel initialized successfully.
[12/6/2025 4:57:54 PM] Initializing ViewModel: DashboardViewModel...
[12/6/2025 4:57:55 PM] ViewModel initialized successfully.
[12/6/2025 5:03:10 PM] Initializing ViewModel: DashboardViewModel...
[12/6/2025 5:03:11 PM] ViewModel initialized successfully.
[12/6/2025 5:25:44 PM] Initializing ViewModel: DashboardViewModel...
[12/6/2025 5:25:45 PM] ViewModel initialized successfully.
[12/6/2025 5:48:13 PM] Initializing ViewModel: DashboardViewModel...
[12/6/2025 5:48:14 PM] ViewModel initialized successfully.
[12/6/2025 6:25:19 PM] Initializing ViewModel: PrintManagerViewModel...
[12/6/2025 6:25:19 PM] ViewModel initialized successfully.
[12/6/2025 7:31:23 PM] Initializing ViewModel: PrintManagerViewModel...
[12/6/2025 7:31:23 PM] ViewModel initialized successfully.
[12/6/2025 7:32:11 PM] Initializing ViewModel: PrintManagerViewModel...
[12/6/2025 7:32:11 PM] ViewModel initialized successfully.
[12/6/2025 7:36:54 PM] Initializing ViewModel: PrintManagerViewModel...
[12/6/2025 7:36:54 PM] ViewModel initialized successfully.
[12/6/2025 8:02:20 PM] Initializing ViewModel: PrintManagerViewModel...
[12/6/2025 8:02:20 PM] ViewModel initialized successfully.
[12/6/2025 9:31:40 PM] Initializing ViewModel: PrintManagerViewModel...
[12/6/2025 9:31:40 PM] ViewModel initialized successfully.
[12/6/2025 10:47:51 PM] Initializing ViewModel: PrintManagerViewModel...
[12/6/2025 10:47:51 PM] ViewModel initialized successfully.
[12/7/2025 1:58:56 PM] Initializing ViewModel: PrintManagerViewModel...
[12/7/2025 1:58:56 PM] ViewModel initialized successfully.
[12/7/2025 5:29:12 PM] Initializing ViewModel: PrintManagerViewModel...
[12/7/2025 5:29:12 PM] ViewModel initialized successfully.
[12/7/2025 5:48:16 PM] Initializing ViewModel: PrintManagerViewModel...
[12/7/2025 5:48:16 PM] ViewModel initialized successfully.
[12/7/2025 6:25:35 PM] Initializing ViewModel: PrintManagerViewModel...
[12/7/2025 6:25:35 PM] ViewModel initialized successfully.
[12/7/2025 6:35:29 PM] Initializing ViewModel: PrintManagerViewModel...
[12/7/2025 6:35:29 PM] ViewModel initialized successfully.
[12/7/2025 6:38:01 PM] Initializing ViewModel: PrintManagerViewModel...
[12/7/2025 6:38:01 PM] ViewModel initialized successfully.
[12/7/2025 7:32:11 PM] Initializing ViewModel: PrintManagerViewModel...
[12/7/2025 7:32:11 PM] ViewModel initialized successfully.
[12/7/2025 7:37:12 PM] Initializing ViewModel: PrintManagerViewModel...
[12/7/2025 7:37:12 PM] ViewModel initialized successfully.
[12/7/2025 7:48:47 PM] Initializing ViewModel: PrintManagerViewModel...
[12/7/2025 7:48:47 PM] ViewModel initialized successfully.
[12/7/2025 7:49:55 PM] Initializing ViewModel: PrintManagerViewModel...
[12/7/2025 7:49:55 PM] ViewModel initialized successfully.
[12/7/2025 9:15:42 PM] Initializing ViewModel: PrintManagerViewModel...
[12/7/2025 9:15:42 PM] ViewModel initialized successfully.
[12/8/2025 12:31:43 AM] Initializing ViewModel: PrintManagerViewModel...
[12/8/2025 12:31:43 AM] ViewModel initialized successfully.
[12/8/2025 12:49:03 AM] Initializing ViewModel: PrintManagerViewModel...
[12/8/2025 12:49:03 AM] ViewModel initialized successfully.
