[06/12/2025 06:32:20 م] Error initializing PrintOperationsViewModel:
System.ObjectDisposedException: Cannot access a disposed context instance. A common cause of this error is disposing a context instance that was resolved from dependency injection and then later trying to use the same context instance elsewhere in your application. This may occur if you are calling 'Dispose' on the context instance, or wrapping it in a using statement. If you are using dependency injection, you should let the dependency injection container take care of disposing context instances.
Object name: 'ApexDbContext'.
   at Microsoft.EntityFrameworkCore.DbContext.CheckDisposed()
   at Microsoft.EntityFrameworkCore.DbContext.get_ContextServices()
   at Microsoft.EntityFrameworkCore.DbContext.get_Model()
   at Microsoft.EntityFrameworkCore.Internal.InternalDbSet`1.get_EntityType()
   at Microsoft.EntityFrameworkCore.Internal.InternalDbSet`1.CheckState()
   at Microsoft.EntityFrameworkCore.Internal.InternalDbSet`1.get_EntityQueryable()
   at Microsoft.EntityFrameworkCore.Internal.InternalDbSet`1.System.Collections.Generic.IAsyncEnumerable<TEntity>.GetAsyncEnumerator(CancellationToken cancellationToken)
   at System.Runtime.CompilerServices.ConfiguredCancelableAsyncEnumerable`1.GetAsyncEnumerator()
   at Microsoft.EntityFrameworkCore.EntityFrameworkQueryableExtensions.ToListAsync[TSource](IQueryable`1 source, CancellationToken cancellationToken)
   at Apex.Data.Repositories.Repository`1.GetAllAsync() in C:\Users\moham\OneDrive\سطح المكتب\Apex\system\Apex.PrintingSystem\Apex.Data\Repositories\Repository.cs:line 24
   at Apex.Services.PrinterService.GetAllPrintersAsync() in C:\Users\moham\OneDrive\سطح المكتب\Apex\system\Apex.PrintingSystem\Apex.Services\PrinterService.cs:line 21
   at Apex.UI.ViewModels.PrintOperationsViewModel.LoadPrintersAsync() in C:\Users\moham\OneDrive\سطح المكتب\Apex\system\Apex.PrintingSystem\Apex.UI\ViewModels\PrintOperationsViewModel.cs:line 138
   at Apex.UI.ViewModels.PrintOperationsViewModel.InitializeAsync() in C:\Users\moham\OneDrive\سطح المكتب\Apex\system\Apex.PrintingSystem\Apex.UI\ViewModels\PrintOperationsViewModel.cs:line 125
   at Apex.UI.ViewModels.MainViewModel.InitializeCurrentViewModelAsync(ViewModelBase viewModel) in C:\Users\moham\OneDrive\سطح المكتب\Apex\system\Apex.PrintingSystem\Apex.UI\ViewModels\MainViewModel.cs:line 37

[7‏‏/12‏‏/2025 7:51:14 م] Error initializing PrintOperationsViewModel:
System.ObjectDisposedException: Cannot access a disposed context instance. A common cause of this error is disposing a context instance that was resolved from dependency injection and then later trying to use the same context instance elsewhere in your application. This may occur if you are calling 'Dispose' on the context instance, or wrapping it in a using statement. If you are using dependency injection, you should let the dependency injection container take care of disposing context instances.
Object name: 'ApexDbContext'.
   at Microsoft.EntityFrameworkCore.DbContext.CheckDisposed()
   at Microsoft.EntityFrameworkCore.DbContext.get_ContextServices()
   at Microsoft.EntityFrameworkCore.DbContext.get_Model()
   at Microsoft.EntityFrameworkCore.Internal.InternalDbSet`1.get_EntityType()
   at Microsoft.EntityFrameworkCore.Internal.InternalDbSet`1.CheckState()
   at Microsoft.EntityFrameworkCore.Internal.InternalDbSet`1.get_EntityQueryable()
   at Microsoft.EntityFrameworkCore.Internal.InternalDbSet`1.System.Collections.Generic.IAsyncEnumerable<TEntity>.GetAsyncEnumerator(CancellationToken cancellationToken)
   at System.Runtime.CompilerServices.ConfiguredCancelableAsyncEnumerable`1.GetAsyncEnumerator()
   at Microsoft.EntityFrameworkCore.EntityFrameworkQueryableExtensions.ToListAsync[TSource](IQueryable`1 source, CancellationToken cancellationToken)
   at Apex.Data.Repositories.Repository`1.GetAllAsync() in C:\Users\moham\OneDrive\سطح المكتب\Apex\system\Apex.PrintingSystem\Apex.Data\Repositories\Repository.cs:line 24
   at Apex.Services.PrinterService.GetAllPrintersAsync() in C:\Users\moham\OneDrive\سطح المكتب\Apex\system\Apex.PrintingSystem\Apex.Services\PrinterService.cs:line 21
   at Apex.UI.ViewModels.PrintOperationsViewModel.LoadPrintersAsync() in C:\Users\moham\OneDrive\سطح المكتب\Apex\system\Apex.PrintingSystem\Apex.UI\ViewModels\PrintOperationsViewModel.cs:line 138
   at Apex.UI.ViewModels.PrintOperationsViewModel.InitializeAsync() in C:\Users\moham\OneDrive\سطح المكتب\Apex\system\Apex.PrintingSystem\Apex.UI\ViewModels\PrintOperationsViewModel.cs:line 125
   at Apex.UI.ViewModels.MainViewModel.InitializeCurrentViewModelAsync(ViewModelBase viewModel) in C:\Users\moham\OneDrive\سطح المكتب\Apex\system\Apex.PrintingSystem\Apex.UI\ViewModels\MainViewModel.cs:line 37

